HI-TECH Software C Compiler 

Linker command line:

--edf=C:\Program Files (x86)\HI-TECH Software\PICC\9.81\dat\en_msgs.txt -cs \
  -h+receivestring.sym -z -Q16F887 -ol.obj -Mreceivestring.map -E1 \
  -ACONST=00h-0FFhx32 -ACODE=00h-07FFhx4 -ASTRCODE=00h-01FFFh \
  -AENTRY=00h-0FFhx32 -ASTRING=00h-0FFhx32 -ABANK0=020h-06Fh \
  -ABANK1=0A0h-0EFh -ABANK2=0110h-016Fh -ABANK3=0190h-01EFh \
  -ARAM=020h-06Fh,0A0h-0EFh,0110h-016Fh,0190h-01EFh \
  -AABS1=020h-07Fh,0A0h-0EFh,0110h-016Fh,0190h-01EFh -ACOMMON=070h-07Fh \
  -ASFR0=00h-01Fh -ASFR1=080h-09Fh -ASFR2=0100h-010Fh -ASFR3=0180h-018Fh \
  -preset_vec=00h,intentry,init,end_init -ppowerup=CODE -pfunctab=CODE \
  -ACONFIG=02007h-02008h -pconfig=CONFIG -DCONFIG=2 -AIDLOC=02000h-02003h \
  -pidloc=IDLOC -DIDLOC=2 -AEEDATA=00h-0FFh/02100h -peeprom_data=EEDATA \
  -DEEDATA=2 -DCODE=2 -DSTRCODE=2 -DSTRING=2 -DCONST=2 -DENTRY=2 -k \
  startup.obj receivestring.obj 

Object code version is 3.10

Machine type is 16F887



                Name                               Link     Load   Length Selector   Space Scale
startup.obj     end_init                              0        0        3        0       0
receivestring.obj
                config                             2007     2007        1     400E       0
                text239                             6D0      6D0        C      DA0       0
                text238                             710      710       19      E20       0
                text237                             6DC      6DC        C      DB8       0
                text236                             6E8      6E8        C      DD0       0
                text235                             6F4      6F4        D      DE8       0
                text234                             729      729       2B      E52       0
                text233                             754      754       48      EA8       0
                maintext                            79C      79C       64      F38       0
                cstackCOMMON                         70       70        7       70       1
                bssBANK0                             20       20        A       20       1
                bssCOMMON                            77       77        1       70       1
                cinit                               701      701        F      E02       0
                strings                               3        3       15        6       0

TOTAL           Name                               Link     Load   Length     Space
        CLASS   CONST          

        CLASS   CODE           
                end_init                              0        0        3         0
                text239                             6D0      6D0        C         0
                text238                             710      710       19         0
                text237                             6DC      6DC        C         0
                text236                             6E8      6E8        C         0
                text235                             6F4      6F4        D         0
                text234                             729      729       2B         0
                text233                             754      754       48         0
                maintext                            79C      79C       64         0
                cinit                               701      701        F         0

        CLASS   STRCODE        

        CLASS   ENTRY          

        CLASS   STRING         
                strings                               3        3       15         0

        CLASS   BANK0          
                bssBANK0                             20       20        A         1

        CLASS   BANK1          

        CLASS   BANK2          

        CLASS   BANK3          

        CLASS   RAM            

        CLASS   ABS1           
                abs_s1                               7E       7E        2         1

        CLASS   COMMON         
                cstackCOMMON                         70       70        7         1
                bssCOMMON                            77       77        1         1

        CLASS   SFR0           

        CLASS   SFR1           

        CLASS   SFR2           

        CLASS   SFR3           

        CLASS   CONFIG         
                config                             2007     2007        1         0

        CLASS   IDLOC          

        CLASS   EEDATA         



SEGMENTS        Name                           Load    Length   Top    Selector   Space  Class     Delta

                reset_vec                      000000  000003  000003         0       0  CODE        2
                strings                        000003  000015  000018         6       0  STRING      2
                bssBANK0                       000020  00000A  00002A        20       1  BANK0       1
                cstackCOMMON                   000070  000008  000078        70       1  COMMON      1
                text239                        0006D0  00000C  0006DC       DA0       0  CODE        2
                text237                        0006DC  00000C  0006E8       DB8       0  CODE        2
                text236                        0006E8  00000C  0006F4       DD0       0  CODE        2
                text235                        0006F4  00000D  000701       DE8       0  CODE        2
                cinit                          000701  00000F  000710       E02       0  CODE        2
                text238                        000710  000019  000729       E20       0  CODE        2
                text234                        000729  00002B  000754       E52       0  CODE        2
                text233                        000754  000048  00079C       EA8       0  CODE        2
                maintext                       00079C  000064  000800       F38       0  CODE        2
                config                         002007  000001  002008      400E       0  CONFIG      2


UNUSED ADDRESS RANGES

        Name                Unused          Largest block    Delta
        BANK0            002A-006F             46           1
        BANK1            00A0-00EF             50           1
        BANK2            0110-016F             60           1
        BANK3            0190-01EF             60           1
        CODE             0018-06CF            6B8           2
                         0800-1FFF            800
        COMMON           0078-007D              6           1
        CONFIG           2008-2008              1           2
        CONST            0018-06CF            100           2
                         0800-1FFF            100
        EEDATA           2100-21FF            100           2
        ENTRY            0018-06CF            100           2
                         0800-1FFF            100
        IDLOC            2000-2003              4           2
        RAM              002A-006F             46           1
                         00A0-00EF             50
                         0110-016F             60
                         0190-01EF             60
        SFR0             0000-001F             20           1
        SFR1             0080-009F             20           1
        SFR2             0100-010F             10           1
        SFR3             0180-018F             10           1
        STRCODE          0018-06CF            6B8           2
                         0800-1FFF           1800
        STRING           0018-06CF            100           2
                         0800-1FFF            100

                                  Symbol Table

??_address            cstackCOMMON 0072
??_display1           cstackCOMMON 0074
??_main               cstackCOMMON 0077
??_on                 cstackCOMMON 0072
??_pulse              cstackCOMMON 0070
??_rx                 cstackCOMMON 0074
??_tx                 cstackCOMMON 0070
??_type               cstackCOMMON 0072
?_address             cstackCOMMON 0070
?_display1            cstackCOMMON 0072
?_main                cstackCOMMON 0070
?_on                  cstackCOMMON 0070
?_pulse               cstackCOMMON 0070
?_rx                  cstackCOMMON 0070
?_tx                  cstackCOMMON 0070
?_type                cstackCOMMON 0070
_ANSEL                (abs)        0188
_ANSELH               (abs)        0189
_PORTA                (abs)        0005
_PORTB                (abs)        0006
_PORTC                (abs)        0007
_PORTD                (abs)        0008
_PORTE                (abs)        0009
_RCIF                 (abs)        0065
_RCREG                (abs)        001A
_RCSTA                (abs)        0018
_RE0                  (abs)        0048
_RE1                  (abs)        0049
_RE2                  (abs)        004A
_SPBRG                (abs)        0099
_TRISA                (abs)        0085
_TRISB                (abs)        0086
_TRISC                (abs)        0087
_TRISD                (abs)        0088
_TRISE                (abs)        0089
_TXIF                 (abs)        0064
_TXREG                (abs)        0019
_TXSTA                (abs)        0098
__Habs1               abs1         0000
__Hbank0              bank0        0000
__Hbank1              bank1        0000
__Hbank2              bank2        0000
__Hbank3              bank3        0000
__HbssBANK0           bssBANK0     0000
__HbssCOMMON          bssCOMMON    0000
__Hcinit              cinit        0000
__Hclrtext            clrtext      0000
__Hcode               code         0000
__Hcommon             common       0000
__Hconfig             config       2008
__HcstackCOMMON       cstackCOMMON 0000
__Heeprom_data        eeprom_data  0000
__Hend_init           end_init     0003
__Hfunctab            functab      0000
__Hidloc              idloc        0000
__Hinit               init         0000
__Hintentry           intentry     0000
__Hmaintext           maintext     0000
__Hpowerup            powerup      0000
__Hram                ram          0000
__Hreset_vec          reset_vec    0000
__Hsfr0               sfr0         0000
__Hsfr1               sfr1         0000
__Hsfr2               sfr2         0000
__Hsfr3               sfr3         0000
__Hstrings            strings      0000
__Htext               text         0000
__Labs1               abs1         0000
__Lbank0              bank0        0000
__Lbank1              bank1        0000
__Lbank2              bank2        0000
__Lbank3              bank3        0000
__LbssBANK0           bssBANK0     0000
__LbssCOMMON          bssCOMMON    0000
__Lcinit              cinit        0000
__Lclrtext            clrtext      0000
__Lcode               code         0000
__Lcommon             common       0000
__Lconfig             config       2007
__LcstackCOMMON       cstackCOMMON 0000
__Leeprom_data        eeprom_data  0000
__Lend_init           end_init     0000
__Lfunctab            functab      0000
__Lidloc              idloc        0000
__Linit               init         0000
__Lintentry           intentry     0000
__Lmaintext           maintext     0000
__Lpowerup            powerup      0000
__Lram                ram          0000
__Lreset_vec          reset_vec    0000
__Lsfr0               sfr0         0000
__Lsfr1               sfr1         0000
__Lsfr2               sfr2         0000
__Lsfr3               sfr3         0000
__Lstrings            strings      0000
__Ltext               text         0000
__S0                  (abs)        2008
__S1                  (abs)        0078
__S2                  (abs)        0000
__end_of_address      text235      0701
__end_of_display1     text234      0754
__end_of_main         maintext     0800
__end_of_on           text236      06F4
__end_of_pulse        text238      0729
__end_of_rx           text233      079C
__end_of_tx           text239      06DC
__end_of_type         text237      06E8
__pbssBANK0           bssBANK0     0020
__pbssCOMMON          bssCOMMON    0077
__pcstackCOMMON       cstackCOMMON 0070
__pmaintext           maintext     079C
__pstrings            strings      0003
__ptext232            text232      0000
__ptext233            text233      0754
__ptext234            text234      0729
__ptext235            text235      06F4
__ptext236            text236      06E8
__ptext237            text237      06DC
__ptext238            text238      0710
__ptext239            text239      06D0
__ptext240            text240      0000
__size_of_address     (abs)        0000
__size_of_display1    (abs)        0000
__size_of_main        (abs)        0000
__size_of_on          (abs)        0000
__size_of_pulse       (abs)        0000
__size_of_rx          (abs)        0000
__size_of_tx          (abs)        0000
__size_of_type        (abs)        0000
_address              text235      06F4
_ch                   bssCOMMON    0077
_data                 bssBANK0     0020
_display1             text234      0729
_exit                 init         0000
_main                 maintext     079C
_on                   text236      06E8
_pulse                text238      0710
_rx                   text233      0754
_tx                   text239      06D0
_type                 text237      06DC
address@x             cstackCOMMON 0072
btemp                 (abs)        007E
display1@p            cstackCOMMON 0072
end_of_initialization cinit        070C
intlevel0             functab      0000
intlevel1             functab      0000
intlevel2             functab      0000
intlevel3             functab      0000
intlevel4             functab      0000
intlevel5             functab      0000
reset_vec             reset_vec    0000
rx@i                  cstackCOMMON 0075
start                 init         0000
start_initialization  cinit        0701
tx@p                  cstackCOMMON 0070
wtemp0                (abs)        007E
