HI-TECH Software C Compiler 

Linker command line:

--edf=C:\Program Files (x86)\HI-TECH Software\PICC\9.81\dat\en_msgs.txt -cs \
  -h+keypadcount.sym -z -Q16F887 -ol.obj -Mkeypadcount.map -E1 \
  -ACONST=00h-0FFhx32 -ACODE=00h-07FFhx4 -ASTRCODE=00h-01FFFh \
  -AENTRY=00h-0FFhx32 -ASTRING=00h-0FFhx32 -ABANK0=020h-06Fh \
  -ABANK1=0A0h-0EFh -ABANK2=0110h-016Fh -ABANK3=0190h-01EFh \
  -ARAM=020h-06Fh,0A0h-0EFh,0110h-016Fh,0190h-01EFh \
  -AABS1=020h-07Fh,0A0h-0EFh,0110h-016Fh,0190h-01EFh -ACOMMON=070h-07Fh \
  -ASFR0=00h-01Fh -ASFR1=080h-09Fh -ASFR2=0100h-010Fh -ASFR3=0180h-018Fh \
  -preset_vec=00h,intentry,init,end_init -ppowerup=CODE -pfunctab=CODE \
  -ACONFIG=02007h-02008h -pconfig=CONFIG -DCONFIG=2 -AIDLOC=02000h-02003h \
  -pidloc=IDLOC -DIDLOC=2 -AEEDATA=00h-0FFh/02100h -peeprom_data=EEDATA \
  -DEEDATA=2 -DCODE=2 -DSTRCODE=2 -DSTRING=2 -DCONST=2 -DENTRY=2 -k \
  startup.obj keypadcount.obj 

Object code version is 3.10

Machine type is 16F887



                Name                               Link     Load   Length Selector   Space Scale
startup.obj     end_init                              0        0        3        0       0
keypadcount.obj maintext                            622      622      1DE      C44       0
                cstackBANK0                          20       20       20       20       1
                cstackCOMMON                         70       70        4       70       1
                inittext                            5EB      5EB       11      BD6       0
                dataBANK0                            40       40       14       20       1
                cinit                               5FC      5FC       12      BF8       0
                idataBANK0                          60E      60E       14      C1C       0

TOTAL           Name                               Link     Load   Length     Space
        CLASS   CONST          

        CLASS   CODE           
                end_init                              0        0        3         0
                maintext                            622      622      1DE         0
                inittext                            5EB      5EB       11         0
                cinit                               5FC      5FC       12         0
                idataBANK0                          60E      60E       14         0

        CLASS   STRCODE        

        CLASS   ENTRY          

        CLASS   STRING         

        CLASS   BANK0          
                cstackBANK0                          20       20       20         1
                dataBANK0                            40       40       14         1

        CLASS   BANK1          

        CLASS   BANK2          

        CLASS   BANK3          

        CLASS   RAM            

        CLASS   ABS1           
                abs_s1                               7E       7E        2         1

        CLASS   COMMON         
                cstackCOMMON                         70       70        4         1

        CLASS   SFR0           

        CLASS   SFR1           

        CLASS   SFR2           

        CLASS   SFR3           

        CLASS   CONFIG         

        CLASS   IDLOC          

        CLASS   EEDATA         



SEGMENTS        Name                           Load    Length   Top    Selector   Space  Class     Delta

                reset_vec                      000000  000003  000003         0       0  CODE        2
                cstackBANK0                    000020  000034  000054        20       1  BANK0       1
                cstackCOMMON                   000070  000004  000074        70       1  COMMON      1
                inittext                       0005EB  000011  0005FC       BD6       0  CODE        2
                cinit                          0005FC  000012  00060E       BF8       0  CODE        2
                idataBANK0                     00060E  000014  000622       C1C       0  CODE        2
                maintext                       000622  0001DE  000800       C44       0  CODE        2


UNUSED ADDRESS RANGES

        Name                Unused          Largest block    Delta
        BANK0            0054-006F             1C           1
        BANK1            00A0-00EF             50           1
        BANK2            0110-016F             60           1
        BANK3            0190-01EF             60           1
        CODE             0003-05EA            5E8           2
                         0800-1FFF            800
        COMMON           0074-007D              A           1
        CONFIG           2007-2008              2           2
        CONST            0003-05EA            100           2
                         0800-1FFF            100
        EEDATA           2100-21FF            100           2
        ENTRY            0003-05EA            100           2
                         0800-1FFF            100
        IDLOC            2000-2003              4           2
        RAM              0054-006F             1C           1
                         00A0-00EF             50
                         0110-016F             60
                         0190-01EF             60
        SFR0             0000-001F             20           1
        SFR1             0080-009F             20           1
        SFR2             0100-010F             10           1
        SFR3             0180-018F             10           1
        STRCODE          0003-05EA            5E8           2
                         0800-1FFF           1800
        STRING           0003-05EA            100           2
                         0800-1FFF            100

                                  Symbol Table

??_main               cstackCOMMON 0070
?_main                cstackCOMMON 0070
_ANSEL                (abs)        0188
_ANSELH               (abs)        0189
_PORTA                (abs)        0005
_PORTB                (abs)        0006
_PORTC                (abs)        0007
_PORTD                (abs)        0008
_PORTE                (abs)        0009
_RA0                  (abs)        0028
_RA1                  (abs)        0029
_RA2                  (abs)        002A
_RA3                  (abs)        002B
_RB0                  (abs)        0030
_RB1                  (abs)        0031
_RB2                  (abs)        0032
_RB3                  (abs)        0033
_RD0                  (abs)        0040
_RD1                  (abs)        0041
_TRISA                (abs)        0085
_TRISB                (abs)        0086
_TRISC                (abs)        0087
_TRISD                (abs)        0088
_TRISE                (abs)        0089
__Habs1               abs1         0000
__Hbank0              bank0        0000
__Hbank1              bank1        0000
__Hbank2              bank2        0000
__Hbank3              bank3        0000
__Hcinit              cinit        0000
__Hclrtext            clrtext      0000
__Hcode               code         0000
__Hcommon             common       0000
__Hconfig             config       0000
__HcstackBANK0        cstackBANK0  0000
__HcstackCOMMON       cstackCOMMON 0000
__HdataBANK0          dataBANK0    0000
__Heeprom_data        eeprom_data  0000
__Hend_init           end_init     0003
__Hfunctab            functab      0000
__HidataBANK0         idataBANK0   0000
__Hidloc              idloc        0000
__Hinit               init         0000
__Hinittext           inittext     0000
__Hintentry           intentry     0000
__Hmaintext           maintext     0000
__Hpowerup            powerup      0000
__Hram                ram          0000
__Hreset_vec          reset_vec    0000
__Hsfr0               sfr0         0000
__Hsfr1               sfr1         0000
__Hsfr2               sfr2         0000
__Hsfr3               sfr3         0000
__Hstrings            strings      0000
__Htext               text         0000
__Labs1               abs1         0000
__Lbank0              bank0        0000
__Lbank1              bank1        0000
__Lbank2              bank2        0000
__Lbank3              bank3        0000
__Lcinit              cinit        0000
__Lclrtext            clrtext      0000
__Lcode               code         0000
__Lcommon             common       0000
__Lconfig             config       0000
__LcstackBANK0        cstackBANK0  0000
__LcstackCOMMON       cstackCOMMON 0000
__LdataBANK0          dataBANK0    0000
__Leeprom_data        eeprom_data  0000
__Lend_init           end_init     0000
__Lfunctab            functab      0000
__LidataBANK0         idataBANK0   0000
__Lidloc              idloc        0000
__Linit               init         0000
__Linittext           inittext     0000
__Lintentry           intentry     0000
__Lmaintext           maintext     0000
__Lpowerup            powerup      0000
__Lram                ram          0000
__Lreset_vec          reset_vec    0000
__Lsfr0               sfr0         0000
__Lsfr1               sfr1         0000
__Lsfr2               sfr2         0000
__Lsfr3               sfr3         0000
__Lstrings            strings      0000
__Ltext               text         0000
__S0                  (abs)        0800
__S1                  (abs)        0074
__S2                  (abs)        0000
__end_of_main         maintext     0800
__pcstackBANK0        cstackBANK0  0020
__pcstackCOMMON       cstackCOMMON 0070
__pdataBANK0          dataBANK0    0040
__pidataBANK0         idataBANK0   060E
__pmaintext           maintext     0622
__size_of_main        (abs)        0000
_exit                 init         0000
_main                 maintext     0622
btemp                 (abs)        007E
end_of_initialization cinit        060A
init_fetch            inittext     05EB
init_ram              inittext     05EF
intlevel0             functab      0000
intlevel1             functab      0000
intlevel2             functab      0000
intlevel3             functab      0000
intlevel4             functab      0000
intlevel5             functab      0000
main@F1601            dataBANK0    0040
main@arr              cstackBANK0  003C
main@control          cstackBANK0  003A
main@count            cstackBANK0  003E
main@i                cstackBANK0  0036
main@j                cstackBANK0  0038
main@segment          cstackBANK0  0020
main@set              cstackBANK0  0034
reset_vec             reset_vec    0000
start                 init         0000
start_initialization  cinit        05FC
wtemp0                (abs)        007E
