HI-TECH Software C Compiler 

Linker command line:

--edf=C:\Program Files (x86)\HI-TECH Software\PICC\9.81\dat\en_msgs.txt -cs \
  -h+mobileinterface.sym -z -Q16F887 -ol.obj -Mmobileinterface.map -E1 \
  -ACONST=00h-0FFhx32 -ACODE=00h-07FFhx4 -ASTRCODE=00h-01FFFh \
  -AENTRY=00h-0FFhx32 -ASTRING=00h-0FFhx32 -ABANK0=020h-06Fh \
  -ABANK1=0A0h-0EFh -ABANK2=0110h-016Fh -ABANK3=0190h-01EFh \
  -ARAM=020h-06Fh,0A0h-0EFh,0110h-016Fh,0190h-01EFh \
  -AABS1=020h-07Fh,0A0h-0EFh,0110h-016Fh,0190h-01EFh -ACOMMON=070h-07Fh \
  -ASFR0=00h-01Fh -ASFR1=080h-09Fh -ASFR2=0100h-010Fh -ASFR3=0180h-018Fh \
  -preset_vec=00h,intentry,init,end_init -ppowerup=CODE -pfunctab=CODE \
  -ACONFIG=02007h-02008h -pconfig=CONFIG -DCONFIG=2 -AIDLOC=02000h-02003h \
  -pidloc=IDLOC -DIDLOC=2 -AEEDATA=00h-0FFh/02100h -peeprom_data=EEDATA \
  -DEEDATA=2 -DCODE=2 -DSTRCODE=2 -DSTRING=2 -DCONST=2 -DENTRY=2 -k \
  startup.obj mobileinterface.obj 

Object code version is 3.10

Machine type is 16F887



                Name                               Link     Load   Length Selector   Space Scale
startup.obj     end_init                              0        0        3        0       0
mobileinterface.obj
                text198                             495      495       14      92A       0
                text197                             4A9      4A9       19      952       0
                text196                             452      452        C      8A4       0
                text195                             45E      45E        C      8BC       0
                text194                             46A      46A        D      8D4       0
                text193                             477      477        D      8EE       0
                maintext                            4FF      4FF      301      9FE       0
                cstackBANK0                          20       20       38       20       1
                cstackCOMMON                         70       70        7       70       1
                inittext                            484      484       11      908       0
                dataBANK1                            A0       A0       1E       A0       1
                dataBANK0                            58       58        A       20       1
                cinit                               4E0      4E0       1F      9C0       0
                idataBANK1                          4C2      4C2       1E      984       0
                idataBANK0                          448      448        A      890       0

TOTAL           Name                               Link     Load   Length     Space
        CLASS   CONST          

        CLASS   CODE           
                end_init                              0        0        3         0
                text198                             495      495       14         0
                text197                             4A9      4A9       19         0
                text196                             452      452        C         0
                text195                             45E      45E        C         0
                text194                             46A      46A        D         0
                text193                             477      477        D         0
                maintext                            4FF      4FF      301         0
                inittext                            484      484       11         0
                cinit                               4E0      4E0       1F         0
                idataBANK1                          4C2      4C2       1E         0
                idataBANK0                          448      448        A         0

        CLASS   STRCODE        

        CLASS   ENTRY          

        CLASS   STRING         

        CLASS   BANK0          
                cstackBANK0                          20       20       38         1
                dataBANK0                            58       58        A         1

        CLASS   BANK1          
                dataBANK1                            A0       A0       1E         1

        CLASS   BANK2          

        CLASS   BANK3          

        CLASS   RAM            

        CLASS   ABS1           
                abs_s1                               7E       7E        2         1

        CLASS   COMMON         
                cstackCOMMON                         70       70        7         1

        CLASS   SFR0           

        CLASS   SFR1           

        CLASS   SFR2           

        CLASS   SFR3           

        CLASS   CONFIG         

        CLASS   IDLOC          

        CLASS   EEDATA         



SEGMENTS        Name                           Load    Length   Top    Selector   Space  Class     Delta

                reset_vec                      000000  000003  000003         0       0  CODE        2
                cstackBANK0                    000020  000042  000062        20       1  BANK0       1
                cstackCOMMON                   000070  000007  000077        70       1  COMMON      1
                dataBANK1                      0000A0  00001E  0000BE        A0       1  BANK1       1
                idataBANK0                     000448  00000A  000452       890       0  CODE        2
                text196                        000452  00000C  00045E       8A4       0  CODE        2
                text195                        00045E  00000C  00046A       8BC       0  CODE        2
                text194                        00046A  00000D  000477       8D4       0  CODE        2
                text193                        000477  00000D  000484       8EE       0  CODE        2
                inittext                       000484  000011  000495       908       0  CODE        2
                text198                        000495  000014  0004A9       92A       0  CODE        2
                text197                        0004A9  000019  0004C2       952       0  CODE        2
                idataBANK1                     0004C2  00001E  0004E0       984       0  CODE        2
                cinit                          0004E0  00001F  0004FF       9C0       0  CODE        2
                maintext                       0004FF  000301  000800       9FE       0  CODE        2


UNUSED ADDRESS RANGES

        Name                Unused          Largest block    Delta
        BANK0            0062-006F              E           1
        BANK1            00BE-00EF             32           1
        BANK2            0110-016F             60           1
        BANK3            0190-01EF             60           1
        CODE             0003-0447            445           2
                         0800-1FFF            800
        COMMON           0077-007D              7           1
        CONFIG           2007-2008              2           2
        CONST            0003-0447            100           2
                         0800-1FFF            100
        EEDATA           2100-21FF            100           2
        ENTRY            0003-0447            100           2
                         0800-1FFF            100
        IDLOC            2000-2003              4           2
        RAM              0062-006F              E           1
                         00BE-00EF             32
                         0110-016F             60
                         0190-01EF             60
        SFR0             0000-001F             20           1
        SFR1             0080-009F             20           1
        SFR2             0100-010F             10           1
        SFR3             0180-018F             10           1
        STRCODE          0003-0447            445           2
                         0800-1FFF           1800
        STRING           0003-0447            100           2
                         0800-1FFF            100

                                  Symbol Table

??_address            cstackCOMMON 0072
??_delay              cstackCOMMON 0072
??_display            cstackCOMMON 0072
??_main               cstackCOMMON 0073
??_on                 cstackCOMMON 0072
??_pulse              cstackCOMMON 0072
??_type               cstackCOMMON 0072
?_address             cstackCOMMON 0070
?_delay               cstackCOMMON 0070
?_display             cstackCOMMON 0070
?_main                cstackCOMMON 0070
?_on                  cstackCOMMON 0070
?_pulse               cstackCOMMON 0070
?_type                cstackCOMMON 0070
_ANSEL                (abs)        0188
_ANSELH               (abs)        0189
_PORTA                (abs)        0005
_PORTB                (abs)        0006
_PORTC                (abs)        0007
_PORTD                (abs)        0008
_RA0                  (abs)        0028
_RA1                  (abs)        0029
_RA2                  (abs)        002A
_RB0                  (abs)        0030
_RB1                  (abs)        0031
_RB2                  (abs)        0032
_RB3                  (abs)        0033
_RD0                  (abs)        0040
_RD1                  (abs)        0041
_RD2                  (abs)        0042
_TRISA                (abs)        0085
_TRISB                (abs)        0086
_TRISC                (abs)        0087
_TRISD                (abs)        0088
__Habs1               abs1         0000
__Hbank0              bank0        0000
__Hbank1              bank1        0000
__Hbank2              bank2        0000
__Hbank3              bank3        0000
__Hcinit              cinit        0000
__Hclrtext            clrtext      0000
__Hcode               code         0000
__Hcommon             common       0000
__Hconfig             config       0000
__HcstackBANK0        cstackBANK0  0000
__HcstackCOMMON       cstackCOMMON 0000
__HdataBANK0          dataBANK0    0000
__HdataBANK1          dataBANK1    0000
__Heeprom_data        eeprom_data  0000
__Hend_init           end_init     0003
__Hfunctab            functab      0000
__HidataBANK0         idataBANK0   0000
__HidataBANK1         idataBANK1   0000
__Hidloc              idloc        0000
__Hinit               init         0000
__Hinittext           inittext     0000
__Hintentry           intentry     0000
__Hmaintext           maintext     0000
__Hpowerup            powerup      0000
__Hram                ram          0000
__Hreset_vec          reset_vec    0000
__Hsfr0               sfr0         0000
__Hsfr1               sfr1         0000
__Hsfr2               sfr2         0000
__Hsfr3               sfr3         0000
__Hstrings            strings      0000
__Htext               text         0000
__Labs1               abs1         0000
__Lbank0              bank0        0000
__Lbank1              bank1        0000
__Lbank2              bank2        0000
__Lbank3              bank3        0000
__Lcinit              cinit        0000
__Lclrtext            clrtext      0000
__Lcode               code         0000
__Lcommon             common       0000
__Lconfig             config       0000
__LcstackBANK0        cstackBANK0  0000
__LcstackCOMMON       cstackCOMMON 0000
__LdataBANK0          dataBANK0    0000
__LdataBANK1          dataBANK1    0000
__Leeprom_data        eeprom_data  0000
__Lend_init           end_init     0000
__Lfunctab            functab      0000
__LidataBANK0         idataBANK0   0000
__LidataBANK1         idataBANK1   0000
__Lidloc              idloc        0000
__Linit               init         0000
__Linittext           inittext     0000
__Lintentry           intentry     0000
__Lmaintext           maintext     0000
__Lpowerup            powerup      0000
__Lram                ram          0000
__Lreset_vec          reset_vec    0000
__Lsfr0               sfr0         0000
__Lsfr1               sfr1         0000
__Lsfr2               sfr2         0000
__Lsfr3               sfr3         0000
__Lstrings            strings      0000
__Ltext               text         0000
__S0                  (abs)        0800
__S1                  (abs)        00BE
__S2                  (abs)        0000
__end_of_address      text194      0477
__end_of_delay        text198      04A9
__end_of_display      text193      0484
__end_of_main         maintext     0800
__end_of_on           text196      045E
__end_of_pulse        text197      04C2
__end_of_type         text195      046A
__pcstackBANK0        cstackBANK0  0020
__pcstackCOMMON       cstackCOMMON 0070
__pdataBANK0          dataBANK0    0058
__pdataBANK1          dataBANK1    00A0
__pidataBANK0         idataBANK0   0448
__pidataBANK1         idataBANK1   04C2
__pmaintext           maintext     04FF
__ptext193            text193      0477
__ptext194            text194      046A
__ptext195            text195      045E
__ptext196            text196      0452
__ptext197            text197      04A9
__ptext198            text198      0495
__ptext199            text199      0000
__size_of_address     (abs)        0000
__size_of_delay       (abs)        0000
__size_of_display     (abs)        0000
__size_of_main        (abs)        0000
__size_of_on          (abs)        0000
__size_of_pulse       (abs)        0000
__size_of_type        (abs)        0000
_address              text194      046A
_delay                text198      0495
_display              text193      0477
_exit                 init         0000
_main                 maintext     04FF
_on                   text196      0452
_pulse                text197      04A9
_type                 text195      045E
address@data          cstackCOMMON 0072
btemp                 (abs)        007E
delay@del             cstackCOMMON 0070
display@data          cstackCOMMON 0072
end_of_initialization cinit        04FB
init_fetch            inittext     0484
init_ram              inittext     0488
intlevel0             functab      0000
intlevel1             functab      0000
intlevel2             functab      0000
intlevel3             functab      0000
intlevel4             functab      0000
intlevel5             functab      0000
main@F1610            dataBANK0    0058
main@F1612            dataBANK1    00A0
main@F1614            dataBANK1    00AF
main@control          cstackBANK0  0048
main@hang             cstackBANK0  002F
main@i                cstackBANK0  0054
main@j                cstackBANK0  0056
main@number           cstackBANK0  004A
main@ring             cstackBANK0  003E
main@wrong            cstackBANK0  0020
reset_vec             reset_vec    0000
start                 init         0000
start_initialization  cinit        04E0
wtemp0                (abs)        007E
