HI-TECH Software C Compiler 

Linker command line:

--edf=C:\Program Files (x86)\HI-TECH Software\PICC\9.81\dat\en_msgs.txt -cs \
  -h+interrupt.sym -z -Q16F887 -ol.obj -Minterrupt.map -E1 \
  -ACONST=00h-0FFhx32 -ACODE=00h-07FFhx4 -ASTRCODE=00h-01FFFh \
  -AENTRY=00h-0FFhx32 -ASTRING=00h-0FFhx32 -ABANK0=020h-06Fh \
  -ABANK1=0A0h-0EFh -ABANK2=0110h-016Fh -ABANK3=0190h-01EFh \
  -ARAM=020h-06Fh,0A0h-0EFh,0110h-016Fh,0190h-01EFh \
  -AABS1=020h-07Fh,0A0h-0EFh,0110h-016Fh,0190h-01EFh -ACOMMON=070h-07Fh \
  -ASFR0=00h-01Fh -ASFR1=080h-09Fh -ASFR2=0100h-010Fh -ASFR3=0180h-018Fh \
  -preset_vec=00h,intentry=04h,init,end_init -ppowerup=CODE -pfunctab=CODE \
  -ACONFIG=02007h-02008h -pconfig=CONFIG -DCONFIG=2 -AIDLOC=02000h-02003h \
  -pidloc=IDLOC -DIDLOC=2 -AEEDATA=00h-0FFh/02100h -peeprom_data=EEDATA \
  -DEEDATA=2 -DCODE=2 -DSTRCODE=2 -DSTRING=2 -DCONST=2 -DENTRY=2 -k \
  startup.obj interrupt.obj 

Object code version is 3.10

Machine type is 16F887



                Name                               Link     Load   Length Selector   Space Scale
startup.obj     end_init                             12       12        3        8       0
                reset_vec                             0        0        3        0       0
interrupt.obj   intentry                              4        4        E        8       0
                text95                               E6       E6       14        8       0
                text94                               B8       B8       1A        8       0
                maintext                             15       15       A3        8       0
                cstackBANK0                          20       20       14       20       1
                cstackCOMMON                         70       70        6       70       1
                inittext                             FA       FA       11        8       0
                dataBANK0                            34       34        A       20       1
                bssBANK0                             3E       3E        2       20       1
                cinit                                D2       D2       14        8       0
                idataBANK0                          10B      10B        A        8       0

TOTAL           Name                               Link     Load   Length     Space
        CLASS   CONST          

        CLASS   CODE           
                end_init                             12       12        3         0
                intentry                              4        4        E         0
                reset_vec                             0        0        3         0
                text95                               E6       E6       14         0
                text94                               B8       B8       1A         0
                maintext                             15       15       A3         0
                inittext                             FA       FA       11         0
                cinit                                D2       D2       14         0
                idataBANK0                          10B      10B        A         0

        CLASS   STRCODE        

        CLASS   ENTRY          

        CLASS   STRING         

        CLASS   BANK0          
                cstackBANK0                          20       20       14         1
                dataBANK0                            34       34        A         1
                bssBANK0                             3E       3E        2         1

        CLASS   BANK1          

        CLASS   BANK2          

        CLASS   BANK3          

        CLASS   RAM            

        CLASS   ABS1           
                abs_s1                               7E       7E        2         1

        CLASS   COMMON         
                cstackCOMMON                         70       70        6         1

        CLASS   SFR0           

        CLASS   SFR1           

        CLASS   SFR2           

        CLASS   SFR3           

        CLASS   CONFIG         

        CLASS   IDLOC          

        CLASS   EEDATA         



SEGMENTS        Name                           Load    Length   Top    Selector   Space  Class     Delta

                reset_vec                      000000  000003  000003         0       0  CODE        2
                intentry                       000004  000111  000115         8       0  CODE        2
                cstackBANK0                    000020  000020  000040        20       1  BANK0       1
                cstackCOMMON                   000070  000006  000076        70       1  COMMON      1


UNUSED ADDRESS RANGES

        Name                Unused          Largest block    Delta
        BANK0            040-06F            30           1
        BANK1            0A0-0EF            50           1
        BANK2            110-16F            60           1
        BANK3            190-1EF            60           1
        CODE             003-003             1           2
                         115-1FFF           800
        COMMON           076-07D             8           1
        CONFIG           2007-2008             2           2
        CONST            003-003             1           2
                         115-1FFF           100
        EEDATA           2100-21FF           100           2
        ENTRY            003-003             1           2
                         115-1FFF           100
        IDLOC            2000-2003             4           2
        RAM              040-06F            30           1
                         0A0-0EF            50
                         110-16F            60
                         190-1EF            60
        SFR0             000-01F            20           1
        SFR1             080-09F            20           1
        SFR2             100-10F            10           1
        SFR3             180-18F            10           1
        STRCODE          003-003             1           2
                         115-1FFF          1EEB
        STRING           003-003             1           2
                         115-1FFF           100

                                  Symbol Table

??_delay              cstackCOMMON 072  ??_exe                cstackCOMMON 072
??_main               cstackBANK0  020  ?_delay               cstackCOMMON 070
?_exe                 cstackCOMMON 070  ?_main                cstackCOMMON 070
_ANSEL                (abs)        188  _ANSELH               (abs)        189
_INTCON               (abs)        00B  _INTF                 (abs)        059
_PORTA                (abs)        005  _PORTB                (abs)        006
_PORTC                (abs)        007  _PORTD                (abs)        008
_TRISA                (abs)        085  _TRISB                (abs)        086
_TRISC                (abs)        087  _TRISD                (abs)        088
__Habs1               abs1         000  __Hbank0              bank0        000
__Hbank1              bank1        000  __Hbank2              bank2        000
__Hbank3              bank3        000  __HbssBANK0           bssBANK0     000
__Hcinit              cinit        000  __Hclrtext            clrtext      000
__Hcode               code         000  __Hcommon             common       000
__Hconfig             config       000  __HcstackBANK0        cstackBANK0  000
__HcstackCOMMON       cstackCOMMON 000  __HdataBANK0          dataBANK0    000
__Heeprom_data        eeprom_data  000  __Hend_init           end_init     015
__Hfunctab            functab      000  __HidataBANK0         idataBANK0   000
__Hidloc              idloc        000  __Hinit               init         012
__Hinittext           inittext     000  __Hintentry           intentry     012
__Hmaintext           maintext     000  __Hpowerup            powerup      000
__Hram                ram          000  __Hreset_vec          reset_vec    003
__Hsfr0               sfr0         000  __Hsfr1               sfr1         000
__Hsfr2               sfr2         000  __Hsfr3               sfr3         000
__Hstrings            strings      000  __Htext               text         000
__Labs1               abs1         000  __Lbank0              bank0        000
__Lbank1              bank1        000  __Lbank2              bank2        000
__Lbank3              bank3        000  __LbssBANK0           bssBANK0     000
__Lcinit              cinit        000  __Lclrtext            clrtext      000
__Lcode               code         000  __Lcommon             common       000
__Lconfig             config       000  __LcstackBANK0        cstackBANK0  000
__LcstackCOMMON       cstackCOMMON 000  __LdataBANK0          dataBANK0    000
__Leeprom_data        eeprom_data  000  __Lend_init           end_init     012
__Lfunctab            functab      000  __LidataBANK0         idataBANK0   000
__Lidloc              idloc        000  __Linit               init         012
__Linittext           inittext     000  __Lintentry           intentry     004
__Lmaintext           maintext     000  __Lpowerup            powerup      000
__Lram                ram          000  __Lreset_vec          reset_vec    000
__Lsfr0               sfr0         000  __Lsfr1               sfr1         000
__Lsfr2               sfr2         000  __Lsfr3               sfr3         000
__Lstrings            strings      000  __Ltext               text         000
__S0                  (abs)        115  __S1                  (abs)        076
__S2                  (abs)        000  __end_of_delay        text95       0FA
__end_of_exe          text94       0D2  __end_of_main         maintext     0B8
__pbssBANK0           bssBANK0     03E  __pcstackBANK0        cstackBANK0  020
__pcstackCOMMON       cstackCOMMON 070  __pdataBANK0          dataBANK0    034
__pidataBANK0         idataBANK0   10B  __pintentry           intentry     004
__pmaintext           maintext     015  __ptext94             text94       0B8
__ptext95             text95       0E6  __ptext96             text96       000
__size_of_delay       (abs)        000  __size_of_exe         (abs)        000
__size_of_main        (abs)        000  _delay                text95       0E6
_exe                  text94       0B8  _exit                 init         012
_main                 maintext     015  _res                  bssBANK0     03E
btemp                 (abs)        07E  delay@val             cstackCOMMON 070
end_of_initialization cinit        0E2  init_fetch            inittext     0FA
init_ram              inittext     0FE  interrupt_function    intentry     004
intlevel0             functab      000  intlevel1             functab      000
intlevel2             functab      000  intlevel3             functab      000
intlevel4             functab      000  intlevel5             functab      000
main@F1605            dataBANK0    034  main@arr              cstackBANK0  024
main@count            cstackBANK0  02E  main@i                cstackBANK0  032
reset_vec             reset_vec    000  saved_w               (abs)        07E
start                 init         012  start_initialization  cinit        0D2
wtemp0                (abs)        07E  
