HI-TECH Software C Compiler 

Linker command line:

--edf=C:\Program Files (x86)\HI-TECH Software\PICC\9.81\dat\en_msgs.txt -cs \
  -h+fourled.sym -z -Q16F887 -ol.obj -Mfourled.map -E1 -ACONST=00h-0FFhx32 \
  -ACODE=00h-07FFhx4 -ASTRCODE=00h-01FFFh -AENTRY=00h-0FFhx32 \
  -ASTRING=00h-0FFhx32 -ABANK0=020h-06Fh -ABANK1=0A0h-0EFh \
  -ABANK2=0110h-016Fh -ABANK3=0190h-01EFh \
  -ARAM=020h-06Fh,0A0h-0EFh,0110h-016Fh,0190h-01EFh \
  -AABS1=020h-07Fh,0A0h-0EFh,0110h-016Fh,0190h-01EFh -ACOMMON=070h-07Fh \
  -ASFR0=00h-01Fh -ASFR1=080h-09Fh -ASFR2=0100h-010Fh -ASFR3=0180h-018Fh \
  -preset_vec=00h,intentry,init,end_init -ppowerup=CODE -pfunctab=CODE \
  -ACONFIG=02007h-02008h -pconfig=CONFIG -DCONFIG=2 -AIDLOC=02000h-02003h \
  -pidloc=IDLOC -DIDLOC=2 -AEEDATA=00h-0FFh/02100h -peeprom_data=EEDATA \
  -DEEDATA=2 -DCODE=2 -DSTRCODE=2 -DSTRING=2 -DCONST=2 -DENTRY=2 -k \
  startup.obj fourled.obj 

Object code version is 3.10

Machine type is 16F887



                Name                               Link     Load   Length Selector   Space Scale
startup.obj     end_init                              0        0        3        0       0
fourled.obj     text100                             756      756       1D      EAC       0
                text99                              773      773       1D      EE6       0
                text98                              790      790       1D      F20       0
                text97                              7AD      7AD       1D      F5A       0
                maintext                            7CA      7CA       36      F94       0
                cstackCOMMON                         70       70        2       70       1
                cinit                               752      752        4      EA4       0

TOTAL           Name                               Link     Load   Length     Space
        CLASS   CONST          

        CLASS   CODE           
                end_init                              0        0        3         0
                text100                             756      756       1D         0
                text99                              773      773       1D         0
                text98                              790      790       1D         0
                text97                              7AD      7AD       1D         0
                maintext                            7CA      7CA       36         0
                cinit                               752      752        4         0

        CLASS   STRCODE        

        CLASS   ENTRY          

        CLASS   STRING         

        CLASS   BANK0          

        CLASS   BANK1          

        CLASS   BANK2          

        CLASS   BANK3          

        CLASS   RAM            

        CLASS   ABS1           
                abs_s1                               7E       7E        2         1

        CLASS   COMMON         
                cstackCOMMON                         70       70        2         1

        CLASS   SFR0           

        CLASS   SFR1           

        CLASS   SFR2           

        CLASS   SFR3           

        CLASS   CONFIG         

        CLASS   IDLOC          

        CLASS   EEDATA         



SEGMENTS        Name                           Load    Length   Top    Selector   Space  Class     Delta

                reset_vec                      000000  000003  000003         0       0  CODE        2
                cstackCOMMON                   000070  000002  000072        70       1  COMMON      1
                cinit                          000752  000004  000756       EA4       0  CODE        2
                text100                        000756  00001D  000773       EAC       0  CODE        2
                text99                         000773  00001D  000790       EE6       0  CODE        2
                text98                         000790  00001D  0007AD       F20       0  CODE        2
                text97                         0007AD  00001D  0007CA       F5A       0  CODE        2
                maintext                       0007CA  000036  000800       F94       0  CODE        2


UNUSED ADDRESS RANGES

        Name                Unused          Largest block    Delta
        BANK0            0020-006F             50           1
        BANK1            00A0-00EF             50           1
        BANK2            0110-016F             60           1
        BANK3            0190-01EF             60           1
        CODE             0003-0751            74F           2
                         0800-1FFF            800
        COMMON           0072-007D              C           1
        CONFIG           2007-2008              2           2
        CONST            0003-0751            100           2
                         0800-1FFF            100
        EEDATA           2100-21FF            100           2
        ENTRY            0003-0751            100           2
                         0800-1FFF            100
        IDLOC            2000-2003              4           2
        RAM              0020-006F             50           1
                         00A0-00EF             50
                         0110-016F             60
                         0190-01EF             60
        SFR0             0000-001F             20           1
        SFR1             0080-009F             20           1
        SFR2             0100-010F             10           1
        SFR3             0180-018F             10           1
        STRCODE          0003-0751            74F           2
                         0800-1FFF           1800
        STRING           0003-0751            100           2
                         0800-1FFF            100

                                  Symbol Table

??_led1               cstackCOMMON 0070
??_led2               cstackCOMMON 0070
??_led3               cstackCOMMON 0070
??_led4               cstackCOMMON 0070
??_main               cstackCOMMON 0072
?_led1                cstackCOMMON 0070
?_led2                cstackCOMMON 0070
?_led3                cstackCOMMON 0070
?_led4                cstackCOMMON 0070
?_main                cstackCOMMON 0070
_ANSEL                (abs)        0188
_ANSELH               (abs)        0189
_PORTA                (abs)        0005
_PORTB                (abs)        0006
_PORTC                (abs)        0007
_PORTD                (abs)        0008
_TRISA                (abs)        0085
_TRISB                (abs)        0086
_TRISC                (abs)        0087
_TRISD                (abs)        0088
__Habs1               abs1         0000
__Hbank0              bank0        0000
__Hbank1              bank1        0000
__Hbank2              bank2        0000
__Hbank3              bank3        0000
__Hcinit              cinit        0000
__Hclrtext            clrtext      0000
__Hcode               code         0000
__Hcommon             common       0000
__Hconfig             config       0000
__HcstackCOMMON       cstackCOMMON 0000
__Heeprom_data        eeprom_data  0000
__Hend_init           end_init     0003
__Hfunctab            functab      0000
__Hidloc              idloc        0000
__Hinit               init         0000
__Hintentry           intentry     0000
__Hmaintext           maintext     0000
__Hpowerup            powerup      0000
__Hram                ram          0000
__Hreset_vec          reset_vec    0000
__Hsfr0               sfr0         0000
__Hsfr1               sfr1         0000
__Hsfr2               sfr2         0000
__Hsfr3               sfr3         0000
__Hstrings            strings      0000
__Htext               text         0000
__Labs1               abs1         0000
__Lbank0              bank0        0000
__Lbank1              bank1        0000
__Lbank2              bank2        0000
__Lbank3              bank3        0000
__Lcinit              cinit        0000
__Lclrtext            clrtext      0000
__Lcode               code         0000
__Lcommon             common       0000
__Lconfig             config       0000
__LcstackCOMMON       cstackCOMMON 0000
__Leeprom_data        eeprom_data  0000
__Lend_init           end_init     0000
__Lfunctab            functab      0000
__Lidloc              idloc        0000
__Linit               init         0000
__Lintentry           intentry     0000
__Lmaintext           maintext     0000
__Lpowerup            powerup      0000
__Lram                ram          0000
__Lreset_vec          reset_vec    0000
__Lsfr0               sfr0         0000
__Lsfr1               sfr1         0000
__Lsfr2               sfr2         0000
__Lsfr3               sfr3         0000
__Lstrings            strings      0000
__Ltext               text         0000
__S0                  (abs)        0800
__S1                  (abs)        0072
__S2                  (abs)        0000
__end_of_led1         text100      0773
__end_of_led2         text99       0790
__end_of_led3         text98       07AD
__end_of_led4         text97       07CA
__end_of_main         maintext     0800
__pcstackCOMMON       cstackCOMMON 0070
__pmaintext           maintext     07CA
__ptext100            text100      0756
__ptext101            text101      0000
__ptext96             text96       0000
__ptext97             text97       07AD
__ptext98             text98       0790
__ptext99             text99       0773
__size_of_led1        (abs)        0000
__size_of_led2        (abs)        0000
__size_of_led3        (abs)        0000
__size_of_led4        (abs)        0000
__size_of_main        (abs)        0000
_exit                 init         0000
_led1                 text100      0756
_led2                 text99       0773
_led3                 text98       0790
_led4                 text97       07AD
_main                 maintext     07CA
btemp                 (abs)        007E
end_of_initialization cinit        0752
intlevel0             functab      0000
intlevel1             functab      0000
intlevel2             functab      0000
intlevel3             functab      0000
intlevel4             functab      0000
intlevel5             functab      0000
led1@count            cstackCOMMON 0070
led2@count            cstackCOMMON 0070
led3@count            cstackCOMMON 0070
led4@count            cstackCOMMON 0070
reset_vec             reset_vec    0000
start                 init         0000
start_initialization  cinit        0752
wtemp0                (abs)        007E
