HI-TECH Software C Compiler 

Linker command line:

--edf=C:\Program Files (x86)\HI-TECH Software\PICC\9.81\dat\en_msgs.txt -cs \
  -h+adc10.sym -z -Q16F887 -ol.obj -Madc10.map -E1 -ACONST=00h-0FFhx32 \
  -ACODE=00h-07FFhx4 -ASTRCODE=00h-01FFFh -AENTRY=00h-0FFhx32 \
  -ASTRING=00h-0FFhx32 -ABANK0=020h-06Fh -ABANK1=0A0h-0EFh \
  -ABANK2=0110h-016Fh -ABANK3=0190h-01EFh \
  -ARAM=020h-06Fh,0A0h-0EFh,0110h-016Fh,0190h-01EFh \
  -AABS1=020h-07Fh,0A0h-0EFh,0110h-016Fh,0190h-01EFh -ACOMMON=070h-07Fh \
  -ASFR0=00h-01Fh -ASFR1=080h-09Fh -ASFR2=0100h-010Fh -ASFR3=0180h-018Fh \
  -preset_vec=00h,intentry,init,end_init -ppowerup=CODE -pfunctab=CODE \
  -ACONFIG=02007h-02008h -pconfig=CONFIG -DCONFIG=2 -AIDLOC=02000h-02003h \
  -pidloc=IDLOC -DIDLOC=2 -AEEDATA=00h-0FFh/02100h -peeprom_data=EEDATA \
  -DEEDATA=2 -DCODE=2 -DSTRCODE=2 -DSTRING=2 -DCONST=2 -DENTRY=2 -k \
  startup.obj adc10.obj 

Object code version is 3.10

Machine type is 16F887



                Name                               Link     Load   Length Selector   Space Scale
startup.obj     end_init                              0        0        3        0       0
adc10.obj       text145                             652      652       60      CA4       0
                text144                             625      625       14      C4A       0
                text143                             718      718       74      E30       0
                text142                             6B2      6B2       66      D64       0
                text141                             639      639       19      C72       0
                text140                             5F3      5F3        C      BE6       0
                text139                             5FF      5FF        C      BFE       0
                text138                             60B      60B        D      C16       0
                text137                             618      618        D      C30       0
                maintext                            78C      78C       74      F18       0
                cstackCOMMON                         70       70        B       70       1
                bssCOMMON                            7B       7B        2       70       1
                cinit                               5ED      5ED        6      BDA       0

TOTAL           Name                               Link     Load   Length     Space
        CLASS   CONST          

        CLASS   CODE           
                end_init                              0        0        3         0
                text145                             652      652       60         0
                text144                             625      625       14         0
                text143                             718      718       74         0
                text142                             6B2      6B2       66         0
                text141                             639      639       19         0
                text140                             5F3      5F3        C         0
                text139                             5FF      5FF        C         0
                text138                             60B      60B        D         0
                text137                             618      618        D         0
                maintext                            78C      78C       74         0
                cinit                               5ED      5ED        6         0

        CLASS   STRCODE        

        CLASS   ENTRY          

        CLASS   STRING         

        CLASS   BANK0          

        CLASS   BANK1          

        CLASS   BANK2          

        CLASS   BANK3          

        CLASS   RAM            

        CLASS   ABS1           
                abs_s1                               7E       7E        2         1

        CLASS   COMMON         
                cstackCOMMON                         70       70        B         1
                bssCOMMON                            7B       7B        2         1

        CLASS   SFR0           

        CLASS   SFR1           

        CLASS   SFR2           

        CLASS   SFR3           

        CLASS   CONFIG         

        CLASS   IDLOC          

        CLASS   EEDATA         



SEGMENTS        Name                           Load    Length   Top    Selector   Space  Class     Delta

                reset_vec                      000000  000003  000003         0       0  CODE        2
                cstackCOMMON                   000070  00000D  00007D        70       1  COMMON      1
                cinit                          0005ED  000006  0005F3       BDA       0  CODE        2
                text140                        0005F3  00000C  0005FF       BE6       0  CODE        2
                text139                        0005FF  00000C  00060B       BFE       0  CODE        2
                text138                        00060B  00000D  000618       C16       0  CODE        2
                text137                        000618  00000D  000625       C30       0  CODE        2
                text144                        000625  000014  000639       C4A       0  CODE        2
                text141                        000639  000019  000652       C72       0  CODE        2
                text145                        000652  000060  0006B2       CA4       0  CODE        2
                text142                        0006B2  000066  000718       D64       0  CODE        2
                text143                        000718  000074  00078C       E30       0  CODE        2
                maintext                       00078C  000074  000800       F18       0  CODE        2


UNUSED ADDRESS RANGES

        Name                Unused          Largest block    Delta
        BANK0            0020-006F             50           1
        BANK1            00A0-00EF             50           1
        BANK2            0110-016F             60           1
        BANK3            0190-01EF             60           1
        CODE             0003-05EC            5EA           2
                         0800-1FFF            800
        COMMON           007D-007D              1           1
        CONFIG           2007-2008              2           2
        CONST            0003-05EC            100           2
                         0800-1FFF            100
        EEDATA           2100-21FF            100           2
        ENTRY            0003-05EC            100           2
                         0800-1FFF            100
        IDLOC            2000-2003              4           2
        RAM              0020-006F             50           1
                         00A0-00EF             50
                         0110-016F             60
                         0190-01EF             60
        SFR0             0000-001F             20           1
        SFR1             0080-009F             20           1
        SFR2             0100-010F             10           1
        SFR3             0180-018F             10           1
        STRCODE          0003-05EC            5EA           2
                         0800-1FFF           1800
        STRING           0003-05EC            100           2
                         0800-1FFF            100

                                  Symbol Table

??___awdiv            cstackCOMMON 0074
??___awmod            cstackCOMMON 0074
??_adc                cstackCOMMON 0070
??_address            cstackCOMMON 0072
??_delay              cstackCOMMON 0072
??_display            cstackCOMMON 0072
??_main               cstackCOMMON 0079
??_on                 cstackCOMMON 0072
??_pulse              cstackCOMMON 0072
??_type               cstackCOMMON 0072
?___awdiv             cstackCOMMON 0070
?___awmod             cstackCOMMON 0070
?_adc                 cstackCOMMON 0070
?_address             cstackCOMMON 0070
?_delay               cstackCOMMON 0070
?_display             cstackCOMMON 0070
?_main                cstackCOMMON 0070
?_on                  cstackCOMMON 0070
?_pulse               cstackCOMMON 0070
?_type                cstackCOMMON 0070
_ADCON0               (abs)        001F
_ADCON1               (abs)        009F
_ADRESH               (abs)        001E
_ADRESL               (abs)        009E
_ANSEL                (abs)        0188
_ANSELH               (abs)        0189
_GO                   (abs)        00F9
_PORTB                (abs)        0006
_PORTC                (abs)        0007
_PORTD                (abs)        0008
_RD0                  (abs)        0040
_RD1                  (abs)        0041
_RD2                  (abs)        0042
_TRISB                (abs)        0086
_TRISC                (abs)        0087
_TRISD                (abs)        0088
__Habs1               abs1         0000
__Hbank0              bank0        0000
__Hbank1              bank1        0000
__Hbank2              bank2        0000
__Hbank3              bank3        0000
__HbssCOMMON          bssCOMMON    0000
__Hcinit              cinit        0000
__Hclrtext            clrtext      0000
__Hcode               code         0000
__Hcommon             common       0000
__Hconfig             config       0000
__HcstackCOMMON       cstackCOMMON 0000
__Heeprom_data        eeprom_data  0000
__Hend_init           end_init     0003
__Hfunctab            functab      0000
__Hidloc              idloc        0000
__Hinit               init         0000
__Hintentry           intentry     0000
__Hmaintext           maintext     0000
__Hpowerup            powerup      0000
__Hram                ram          0000
__Hreset_vec          reset_vec    0000
__Hsfr0               sfr0         0000
__Hsfr1               sfr1         0000
__Hsfr2               sfr2         0000
__Hsfr3               sfr3         0000
__Hstrings            strings      0000
__Htext               text         0000
__Labs1               abs1         0000
__Lbank0              bank0        0000
__Lbank1              bank1        0000
__Lbank2              bank2        0000
__Lbank3              bank3        0000
__LbssCOMMON          bssCOMMON    0000
__Lcinit              cinit        0000
__Lclrtext            clrtext      0000
__Lcode               code         0000
__Lcommon             common       0000
__Lconfig             config       0000
__LcstackCOMMON       cstackCOMMON 0000
__Leeprom_data        eeprom_data  0000
__Lend_init           end_init     0000
__Lfunctab            functab      0000
__Lidloc              idloc        0000
__Linit               init         0000
__Lintentry           intentry     0000
__Lmaintext           maintext     0000
__Lpowerup            powerup      0000
__Lram                ram          0000
__Lreset_vec          reset_vec    0000
__Lsfr0               sfr0         0000
__Lsfr1               sfr1         0000
__Lsfr2               sfr2         0000
__Lsfr3               sfr3         0000
__Lstrings            strings      0000
__Ltext               text         0000
__S0                  (abs)        0800
__S1                  (abs)        007D
__S2                  (abs)        0000
___awdiv              text143      0718
___awdiv@counter      cstackCOMMON 0075
___awdiv@dividend     cstackCOMMON 0072
___awdiv@divisor      cstackCOMMON 0070
___awdiv@quotient     cstackCOMMON 0077
___awdiv@sign         cstackCOMMON 0076
___awmod              text142      06B2
___awmod@counter      cstackCOMMON 0075
___awmod@dividend     cstackCOMMON 0072
___awmod@divisor      cstackCOMMON 0070
___awmod@sign         cstackCOMMON 0076
__end_of___awdiv      text143      078C
__end_of___awmod      text142      0718
__end_of_adc          text145      06B2
__end_of_address      text138      0618
__end_of_delay        text144      0639
__end_of_display      text137      0625
__end_of_main         maintext     0800
__end_of_on           text140      05FF
__end_of_pulse        text141      0652
__end_of_type         text139      060B
__pbssCOMMON          bssCOMMON    007B
__pcstackCOMMON       cstackCOMMON 0070
__pmaintext           maintext     078C
__ptext136            text136      0000
__ptext137            text137      0618
__ptext138            text138      060B
__ptext139            text139      05FF
__ptext140            text140      05F3
__ptext141            text141      0639
__ptext142            text142      06B2
__ptext143            text143      0718
__ptext144            text144      0625
__ptext145            text145      0652
__ptext146            text146      0000
__size_of___awdiv     (abs)        0000
__size_of___awmod     (abs)        0000
__size_of_adc         (abs)        0000
__size_of_address     (abs)        0000
__size_of_delay       (abs)        0000
__size_of_display     (abs)        0000
__size_of_main        (abs)        0000
__size_of_on          (abs)        0000
__size_of_pulse       (abs)        0000
__size_of_type        (abs)        0000
_adc                  text145      0652
_address              text138      060B
_delay                text144      0625
_display              text137      0618
_exit                 init         0000
_main                 maintext     078C
_on                   text140      05F3
_pulse                text141      0639
_tot                  bssCOMMON    007B
_type                 text139      05FF
adc@high              cstackCOMMON 0072
adc@low               cstackCOMMON 0074
address@data          cstackCOMMON 0072
btemp                 (abs)        007E
delay@del             cstackCOMMON 0070
display@data          cstackCOMMON 0072
end_of_initialization cinit        05EF
intlevel0             functab      0000
intlevel1             functab      0000
intlevel2             functab      0000
intlevel3             functab      0000
intlevel4             functab      0000
intlevel5             functab      0000
main@i                cstackCOMMON 0079
reset_vec             reset_vec    0000
start                 init         0000
start_initialization  cinit        05ED
wtemp0                (abs)        007E
