HI-TECH Software C Compiler 

Linker command line:

--edf=C:\Program Files (x86)\HI-TECH Software\PICC\9.81\dat\en_msgs.txt -cs \
  -h+asktimer.sym -z -Q16F887 -ol.obj -Masktimer.map -E1 \
  -ACONST=00h-0FFhx32 -ACODE=00h-07FFhx4 -ASTRCODE=00h-01FFFh \
  -AENTRY=00h-0FFhx32 -ASTRING=00h-0FFhx32 -ABANK0=020h-06Fh \
  -ABANK1=0A0h-0EFh -ABANK2=0110h-016Fh -ABANK3=0190h-01EFh \
  -ARAM=020h-06Fh,0A0h-0EFh,0110h-016Fh,0190h-01EFh \
  -AABS1=020h-07Fh,0A0h-0EFh,0110h-016Fh,0190h-01EFh -ACOMMON=070h-07Fh \
  -ASFR0=00h-01Fh -ASFR1=080h-09Fh -ASFR2=0100h-010Fh -ASFR3=0180h-018Fh \
  -preset_vec=00h,intentry,init,end_init -ppowerup=CODE -pfunctab=CODE \
  -ACONFIG=02007h-02008h -pconfig=CONFIG -DCONFIG=2 -AIDLOC=02000h-02003h \
  -pidloc=IDLOC -DIDLOC=2 -AEEDATA=00h-0FFh/02100h -peeprom_data=EEDATA \
  -DEEDATA=2 -DCODE=2 -DSTRCODE=2 -DSTRING=2 -DCONST=2 -DENTRY=2 -k \
  startup.obj asktimer.obj 

Object code version is 3.10

Machine type is 16F887



                Name                               Link     Load   Length Selector   Space Scale
startup.obj     end_init                              0        0        3        0       0
asktimer.obj    config                             2007     2007        1     400E       0
                text254                             355      355        F      6AA       0
                text253                             375      375       14      6EA       0
                text252                             3EB      3EB       2A      7D6       0
                text251                             389      389       19      712       0
                text250                             317      317        C      62E       0
                text249                             323      323        C      646       0
                text248                             33B      33B        D      676       0
                text247                             348      348        D      690       0
                text246                             32F      32F        C      65E       0
                maintext                            415      415      3EB      82A       0
                cstackBANK0                          20       20       3E       20       1
                cstackCOMMON                         70       70        A       70       1
                inittext                            364      364       11      6C8       0
                dataBANK1                            A0       A0       28       A0       1
                dataBANK0                            5E       5E        A       20       1
                bssBANK0                             68       68        2       20       1
                cinit                               3A2      3A2       21      744       0
                idataBANK1                          3C3      3C3       28      786       0
                idataBANK0                          30D      30D        A      61A       0

TOTAL           Name                               Link     Load   Length     Space
        CLASS   CONST          

        CLASS   CODE           
                end_init                              0        0        3         0
                text254                             355      355        F         0
                text253                             375      375       14         0
                text252                             3EB      3EB       2A         0
                text251                             389      389       19         0
                text250                             317      317        C         0
                text249                             323      323        C         0
                text248                             33B      33B        D         0
                text247                             348      348        D         0
                text246                             32F      32F        C         0
                maintext                            415      415      3EB         0
                inittext                            364      364       11         0
                cinit                               3A2      3A2       21         0
                idataBANK1                          3C3      3C3       28         0
                idataBANK0                          30D      30D        A         0

        CLASS   STRCODE        

        CLASS   ENTRY          

        CLASS   STRING         

        CLASS   BANK0          
                cstackBANK0                          20       20       3E         1
                dataBANK0                            5E       5E        A         1
                bssBANK0                             68       68        2         1

        CLASS   BANK1          
                dataBANK1                            A0       A0       28         1

        CLASS   BANK2          

        CLASS   BANK3          

        CLASS   RAM            

        CLASS   ABS1           
                abs_s1                               7E       7E        2         1

        CLASS   COMMON         
                cstackCOMMON                         70       70        A         1

        CLASS   SFR0           

        CLASS   SFR1           

        CLASS   SFR2           

        CLASS   SFR3           

        CLASS   CONFIG         
                config                             2007     2007        1         0

        CLASS   IDLOC          

        CLASS   EEDATA         



SEGMENTS        Name                           Load    Length   Top    Selector   Space  Class     Delta

                reset_vec                      000000  000003  000003         0       0  CODE        2
                cstackBANK0                    000020  00004A  00006A        20       1  BANK0       1
                cstackCOMMON                   000070  00000A  00007A        70       1  COMMON      1
                dataBANK1                      0000A0  000028  0000C8        A0       1  BANK1       1
                idataBANK0                     00030D  00000A  000317       61A       0  CODE        2
                text250                        000317  00000C  000323       62E       0  CODE        2
                text249                        000323  00000C  00032F       646       0  CODE        2
                text246                        00032F  00000C  00033B       65E       0  CODE        2
                text248                        00033B  00000D  000348       676       0  CODE        2
                text247                        000348  00000D  000355       690       0  CODE        2
                text254                        000355  00000F  000364       6AA       0  CODE        2
                inittext                       000364  000011  000375       6C8       0  CODE        2
                text253                        000375  000014  000389       6EA       0  CODE        2
                text251                        000389  000019  0003A2       712       0  CODE        2
                cinit                          0003A2  000021  0003C3       744       0  CODE        2
                idataBANK1                     0003C3  000028  0003EB       786       0  CODE        2
                text252                        0003EB  00002A  000415       7D6       0  CODE        2
                maintext                       000415  0003EB  000800       82A       0  CODE        2
                config                         002007  000001  002008      400E       0  CONFIG      2


UNUSED ADDRESS RANGES

        Name                Unused          Largest block    Delta
        BANK0            006A-006F              6           1
        BANK1            00C8-00EF             28           1
        BANK2            0110-016F             60           1
        BANK3            0190-01EF             60           1
        CODE             0003-030C            30A           2
                         0800-1FFF            800
        COMMON           007A-007D              4           1
        CONFIG           2008-2008              1           2
        CONST            0003-030C            100           2
                         0800-1FFF            100
        EEDATA           2100-21FF            100           2
        ENTRY            0003-030C            100           2
                         0800-1FFF            100
        IDLOC            2000-2003              4           2
        RAM              006A-006F              6           1
                         00C8-00EF             28
                         0110-016F             60
                         0190-01EF             60
        SFR0             0000-001F             20           1
        SFR1             0080-009F             20           1
        SFR2             0100-010F             10           1
        SFR3             0180-018F             10           1
        STRCODE          0003-030C            30A           2
                         0800-1FFF           1800
        STRING           0003-030C            100           2
                         0800-1FFF            100

                                  Symbol Table

??___wmul             cstackCOMMON 0074
??_address            cstackCOMMON 0072
??_clear              cstackCOMMON 0072
??_delay              cstackCOMMON 0072
??_display            cstackCOMMON 0072
??_main               cstackCOMMON 0076
??_on                 cstackCOMMON 0072
??_pulse              cstackCOMMON 0072
??_timer0             cstackCOMMON 0070
??_type               cstackCOMMON 0072
?___wmul              cstackCOMMON 0070
?_address             cstackCOMMON 0070
?_clear               cstackCOMMON 0070
?_delay               cstackCOMMON 0070
?_display             cstackCOMMON 0070
?_main                cstackCOMMON 0070
?_on                  cstackCOMMON 0070
?_pulse               cstackCOMMON 0070
?_timer0              cstackCOMMON 0070
?_type                cstackCOMMON 0070
_ANSEL                (abs)        0188
_ANSELH               (abs)        0189
_OPTION_REG           (abs)        0081
_PORTA                (abs)        0005
_PORTB                (abs)        0006
_PORTC                (abs)        0007
_PORTD                (abs)        0008
_RA0                  (abs)        0028
_RA1                  (abs)        0029
_RA2                  (abs)        002A
_RC0                  (abs)        0038
_RC1                  (abs)        0039
_RD0                  (abs)        0040
_RD1                  (abs)        0041
_RD2                  (abs)        0042
_RD3                  (abs)        0043
_RD4                  (abs)        0044
_RD5                  (abs)        0045
_RD6                  (abs)        0046
_T0IF                 (abs)        005A
_TRISA                (abs)        0085
_TRISB                (abs)        0086
_TRISC                (abs)        0087
_TRISD                (abs)        0088
__Habs1               abs1         0000
__Hbank0              bank0        0000
__Hbank1              bank1        0000
__Hbank2              bank2        0000
__Hbank3              bank3        0000
__HbssBANK0           bssBANK0     0000
__Hcinit              cinit        0000
__Hclrtext            clrtext      0000
__Hcode               code         0000
__Hcommon             common       0000
__Hconfig             config       2008
__HcstackBANK0        cstackBANK0  0000
__HcstackCOMMON       cstackCOMMON 0000
__HdataBANK0          dataBANK0    0000
__HdataBANK1          dataBANK1    0000
__Heeprom_data        eeprom_data  0000
__Hend_init           end_init     0003
__Hfunctab            functab      0000
__HidataBANK0         idataBANK0   0000
__HidataBANK1         idataBANK1   0000
__Hidloc              idloc        0000
__Hinit               init         0000
__Hinittext           inittext     0000
__Hintentry           intentry     0000
__Hmaintext           maintext     0000
__Hpowerup            powerup      0000
__Hram                ram          0000
__Hreset_vec          reset_vec    0000
__Hsfr0               sfr0         0000
__Hsfr1               sfr1         0000
__Hsfr2               sfr2         0000
__Hsfr3               sfr3         0000
__Hstrings            strings      0000
__Htext               text         0000
__Labs1               abs1         0000
__Lbank0              bank0        0000
__Lbank1              bank1        0000
__Lbank2              bank2        0000
__Lbank3              bank3        0000
__LbssBANK0           bssBANK0     0000
__Lcinit              cinit        0000
__Lclrtext            clrtext      0000
__Lcode               code         0000
__Lcommon             common       0000
__Lconfig             config       2007
__LcstackBANK0        cstackBANK0  0000
__LcstackCOMMON       cstackCOMMON 0000
__LdataBANK0          dataBANK0    0000
__LdataBANK1          dataBANK1    0000
__Leeprom_data        eeprom_data  0000
__Lend_init           end_init     0000
__Lfunctab            functab      0000
__LidataBANK0         idataBANK0   0000
__LidataBANK1         idataBANK1   0000
__Lidloc              idloc        0000
__Linit               init         0000
__Linittext           inittext     0000
__Lintentry           intentry     0000
__Lmaintext           maintext     0000
__Lpowerup            powerup      0000
__Lram                ram          0000
__Lreset_vec          reset_vec    0000
__Lsfr0               sfr0         0000
__Lsfr1               sfr1         0000
__Lsfr2               sfr2         0000
__Lsfr3               sfr3         0000
__Lstrings            strings      0000
__Ltext               text         0000
__S0                  (abs)        2008
__S1                  (abs)        00C8
__S2                  (abs)        0000
___wmul               text252      03EB
___wmul@multiplicand  cstackCOMMON 0072
___wmul@multiplier    cstackCOMMON 0070
___wmul@product       cstackCOMMON 0074
__end_of___wmul       text252      0415
__end_of_address      text248      0348
__end_of_clear        text246      033B
__end_of_delay        text253      0389
__end_of_display      text247      0355
__end_of_main         maintext     0800
__end_of_on           text250      0323
__end_of_pulse        text251      03A2
__end_of_timer0       text254      0364
__end_of_type         text249      032F
__pbssBANK0           bssBANK0     0068
__pcstackBANK0        cstackBANK0  0020
__pcstackCOMMON       cstackCOMMON 0070
__pdataBANK0          dataBANK0    005E
__pdataBANK1          dataBANK1    00A0
__pidataBANK0         idataBANK0   030D
__pidataBANK1         idataBANK1   03C3
__pmaintext           maintext     0415
__ptext246            text246      032F
__ptext247            text247      0348
__ptext248            text248      033B
__ptext249            text249      0323
__ptext250            text250      0317
__ptext251            text251      0389
__ptext252            text252      03EB
__ptext253            text253      0375
__ptext254            text254      0355
__ptext255            text255      0000
__size_of___wmul      (abs)        0000
__size_of_address     (abs)        0000
__size_of_clear       (abs)        0000
__size_of_delay       (abs)        0000
__size_of_display     (abs)        0000
__size_of_main        (abs)        0000
__size_of_on          (abs)        0000
__size_of_pulse       (abs)        0000
__size_of_timer0      (abs)        0000
__size_of_type        (abs)        0000
_address              text248      033B
_clear                text246      032F
_count                bssBANK0     0068
_delay                text253      0375
_display              text247      0348
_exit                 init         0000
_main                 maintext     0415
_on                   text250      0317
_pulse                text251      0389
_timer0               text254      0355
_type                 text249      0323
address@data          cstackCOMMON 0072
btemp                 (abs)        007E
delay@del             cstackCOMMON 0070
display@data          cstackCOMMON 0072
end_of_initialization cinit        03BF
init_fetch            inittext     0364
init_ram              inittext     0368
intlevel0             functab      0000
intlevel1             functab      0000
intlevel2             functab      0000
intlevel3             functab      0000
intlevel4             functab      0000
intlevel5             functab      0000
main@F1612            dataBANK1    00A0
main@F1614            dataBANK1    00B4
main@F1616            dataBANK0    005E
main@arr1             cstackBANK0  0058
main@arr2             cstackBANK0  0059
main@control          cstackBANK0  005A
main@first            cstackBANK0  0020
main@i                cstackBANK0  005C
main@j                cstackBANK0  0052
main@process          cstackBANK0  0048
main@second           cstackBANK0  0034
main@val1             cstackBANK0  0056
main@val2             cstackBANK0  0054
reset_vec             reset_vec    0000
start                 init         0000
start_initialization  cinit        03A2
wtemp0                (abs)        007E
