HI-TECH Software C Compiler 

Linker command line:

--edf=C:\Program Files (x86)\HI-TECH Software\PICC\9.81\dat\en_msgs.txt -cs \
  -h+doublesegment.sym -z -Q16F887 -ol.obj -Mdoublesegment.map -E1 \
  -ACONST=00h-0FFhx32 -ACODE=00h-07FFhx4 -ASTRCODE=00h-01FFFh \
  -AENTRY=00h-0FFhx32 -ASTRING=00h-0FFhx32 -ABANK0=020h-06Fh \
  -ABANK1=0A0h-0EFh -ABANK2=0110h-016Fh -ABANK3=0190h-01EFh \
  -ARAM=020h-06Fh,0A0h-0EFh,0110h-016Fh,0190h-01EFh \
  -AABS1=020h-07Fh,0A0h-0EFh,0110h-016Fh,0190h-01EFh -ACOMMON=070h-07Fh \
  -ASFR0=00h-01Fh -ASFR1=080h-09Fh -ASFR2=0100h-010Fh -ASFR3=0180h-018Fh \
  -preset_vec=00h,intentry,init,end_init -ppowerup=CODE -pfunctab=CODE \
  -ACONFIG=02007h-02008h -pconfig=CONFIG -DCONFIG=2 -AIDLOC=02000h-02003h \
  -pidloc=IDLOC -DIDLOC=2 -AEEDATA=00h-0FFh/02100h -peeprom_data=EEDATA \
  -DEEDATA=2 -DCODE=2 -DSTRCODE=2 -DSTRING=2 -DCONST=2 -DENTRY=2 -k \
  startup.obj doublesegment.obj 

Object code version is 3.10

Machine type is 16F887



                Name                               Link     Load   Length Selector   Space Scale
startup.obj     end_init                              0        0        3        0       0
doublesegment.obj
                text85                              721      721       23      E42       0
                maintext                            744      744       BC      E88       0
                cstackBANK0                          20       20       10       20       1
                cstackCOMMON                         70       70        8       70       1
                inittext                            6FE      6FE       11      DFC       0
                dataBANK0                            30       30        A       20       1
                cinit                               70F      70F       12      E1E       0
                idataBANK0                          6F4      6F4        A      DE8       0

TOTAL           Name                               Link     Load   Length     Space
        CLASS   CONST          

        CLASS   CODE           
                end_init                              0        0        3         0
                text85                              721      721       23         0
                maintext                            744      744       BC         0
                inittext                            6FE      6FE       11         0
                cinit                               70F      70F       12         0
                idataBANK0                          6F4      6F4        A         0

        CLASS   STRCODE        

        CLASS   ENTRY          

        CLASS   STRING         

        CLASS   BANK0          
                cstackBANK0                          20       20       10         1
                dataBANK0                            30       30        A         1

        CLASS   BANK1          

        CLASS   BANK2          

        CLASS   BANK3          

        CLASS   RAM            

        CLASS   ABS1           
                abs_s1                               7E       7E        2         1

        CLASS   COMMON         
                cstackCOMMON                         70       70        8         1

        CLASS   SFR0           

        CLASS   SFR1           

        CLASS   SFR2           

        CLASS   SFR3           

        CLASS   CONFIG         

        CLASS   IDLOC          

        CLASS   EEDATA         



SEGMENTS        Name                           Load    Length   Top    Selector   Space  Class     Delta

                reset_vec                      000000  000003  000003         0       0  CODE        2
                cstackBANK0                    000020  00001A  00003A        20       1  BANK0       1
                cstackCOMMON                   000070  000008  000078        70       1  COMMON      1
                idataBANK0                     0006F4  00000A  0006FE       DE8       0  CODE        2
                inittext                       0006FE  000011  00070F       DFC       0  CODE        2
                cinit                          00070F  000012  000721       E1E       0  CODE        2
                text85                         000721  000023  000744       E42       0  CODE        2
                maintext                       000744  0000BC  000800       E88       0  CODE        2


UNUSED ADDRESS RANGES

        Name                Unused          Largest block    Delta
        BANK0            003A-006F             36           1
        BANK1            00A0-00EF             50           1
        BANK2            0110-016F             60           1
        BANK3            0190-01EF             60           1
        CODE             0003-06F3            6F1           2
                         0800-1FFF            800
        COMMON           0078-007D              6           1
        CONFIG           2007-2008              2           2
        CONST            0003-06F3            100           2
                         0800-1FFF            100
        EEDATA           2100-21FF            100           2
        ENTRY            0003-06F3            100           2
                         0800-1FFF            100
        IDLOC            2000-2003              4           2
        RAM              003A-006F             36           1
                         00A0-00EF             50
                         0110-016F             60
                         0190-01EF             60
        SFR0             0000-001F             20           1
        SFR1             0080-009F             20           1
        SFR2             0100-010F             10           1
        SFR3             0180-018F             10           1
        STRCODE          0003-06F3            6F1           2
                         0800-1FFF           1800
        STRING           0003-06F3            100           2
                         0800-1FFF            100

                                  Symbol Table

??_main               cstackCOMMON 0074
??_sabin              cstackCOMMON 0072
?_main                cstackCOMMON 0070
?_sabin               cstackCOMMON 0070
_ANSEL                (abs)        0188
_ANSELH               (abs)        0189
_PORTA                (abs)        0005
_PORTC                (abs)        0007
_RA0                  (abs)        0028
_RA1                  (abs)        0029
_RB0                  (abs)        0030
_TRISA                (abs)        0085
_TRISC                (abs)        0087
__Habs1               abs1         0000
__Hbank0              bank0        0000
__Hbank1              bank1        0000
__Hbank2              bank2        0000
__Hbank3              bank3        0000
__Hcinit              cinit        0000
__Hclrtext            clrtext      0000
__Hcode               code         0000
__Hcommon             common       0000
__Hconfig             config       0000
__HcstackBANK0        cstackBANK0  0000
__HcstackCOMMON       cstackCOMMON 0000
__HdataBANK0          dataBANK0    0000
__Heeprom_data        eeprom_data  0000
__Hend_init           end_init     0003
__Hfunctab            functab      0000
__HidataBANK0         idataBANK0   0000
__Hidloc              idloc        0000
__Hinit               init         0000
__Hinittext           inittext     0000
__Hintentry           intentry     0000
__Hmaintext           maintext     0000
__Hpowerup            powerup      0000
__Hram                ram          0000
__Hreset_vec          reset_vec    0000
__Hsfr0               sfr0         0000
__Hsfr1               sfr1         0000
__Hsfr2               sfr2         0000
__Hsfr3               sfr3         0000
__Hstrings            strings      0000
__Htext               text         0000
__Labs1               abs1         0000
__Lbank0              bank0        0000
__Lbank1              bank1        0000
__Lbank2              bank2        0000
__Lbank3              bank3        0000
__Lcinit              cinit        0000
__Lclrtext            clrtext      0000
__Lcode               code         0000
__Lcommon             common       0000
__Lconfig             config       0000
__LcstackBANK0        cstackBANK0  0000
__LcstackCOMMON       cstackCOMMON 0000
__LdataBANK0          dataBANK0    0000
__Leeprom_data        eeprom_data  0000
__Lend_init           end_init     0000
__Lfunctab            functab      0000
__LidataBANK0         idataBANK0   0000
__Lidloc              idloc        0000
__Linit               init         0000
__Linittext           inittext     0000
__Lintentry           intentry     0000
__Lmaintext           maintext     0000
__Lpowerup            powerup      0000
__Lram                ram          0000
__Lreset_vec          reset_vec    0000
__Lsfr0               sfr0         0000
__Lsfr1               sfr1         0000
__Lsfr2               sfr2         0000
__Lsfr3               sfr3         0000
__Lstrings            strings      0000
__Ltext               text         0000
__S0                  (abs)        0800
__S1                  (abs)        0078
__S2                  (abs)        0000
__end_of_main         maintext     0800
__end_of_sabin        text85       0744
__pcstackBANK0        cstackBANK0  0020
__pcstackCOMMON       cstackCOMMON 0070
__pdataBANK0          dataBANK0    0030
__pidataBANK0         idataBANK0   06F4
__pmaintext           maintext     0744
__ptext85             text85       0721
__ptext86             text86       0000
__size_of_main        (abs)        0000
__size_of_sabin       (abs)        0000
_exit                 init         0000
_main                 maintext     0744
_sabin                text85       0721
btemp                 (abs)        007E
end_of_initialization cinit        071D
init_fetch            inittext     06FE
init_ram              inittext     0702
intlevel0             functab      0000
intlevel1             functab      0000
intlevel2             functab      0000
intlevel3             functab      0000
intlevel4             functab      0000
intlevel5             functab      0000
main@F1606            dataBANK0    0030
main@arr              cstackBANK0  0020
main@count            cstackBANK0  002A
main@i                cstackBANK0  002E
main@j                cstackBANK0  002C
reset_vec             reset_vec    0000
sabin@count           cstackCOMMON 0072
sabin@i               cstackCOMMON 0070
start                 init         0000
start_initialization  cinit        070F
wtemp0                (abs)        007E
