HI-TECH Software C Compiler 

Linker command line:

--edf=C:\Program Files (x86)\HI-TECH Software\PICC\9.81\dat\en_msgs.txt -cs \
  -h+tempdecrease.sym -z -Q16F887 -ol.obj -Mtempdecrease.map -E1 \
  -ACONST=00h-0FFhx32 -ACODE=00h-07FFhx4 -ASTRCODE=00h-01FFFh \
  -AENTRY=00h-0FFhx32 -ASTRING=00h-0FFhx32 -ABANK0=020h-06Fh \
  -ABANK1=0A0h-0EFh -ABANK2=0110h-016Fh -ABANK3=0190h-01EFh \
  -ARAM=020h-06Fh,0A0h-0EFh,0110h-016Fh,0190h-01EFh \
  -AABS1=020h-07Fh,0A0h-0EFh,0110h-016Fh,0190h-01EFh -ACOMMON=070h-07Fh \
  -ASFR0=00h-01Fh -ASFR1=080h-09Fh -ASFR2=0100h-010Fh -ASFR3=0180h-018Fh \
  -preset_vec=00h,intentry,init,end_init -ppowerup=CODE -pfunctab=CODE \
  -ACONFIG=02007h-02008h -pconfig=CONFIG -DCONFIG=2 -AIDLOC=02000h-02003h \
  -pidloc=IDLOC -DIDLOC=2 -AEEDATA=00h-0FFh/02100h -peeprom_data=EEDATA \
  -DEEDATA=2 -DCODE=2 -DSTRCODE=2 -DSTRING=2 -DCONST=2 -DENTRY=2 -k \
  startup.obj tempdecrease.obj 

Object code version is 3.10

Machine type is 16F887



                Name                               Link     Load   Length Selector   Space Scale
startup.obj     end_init                              0        0        3        0       0
tempdecrease.obj
                text145                             5FE      5FE       60      BFC       0
                text144                             5D1      5D1       14      BA2       0
                text143                             6C4      6C4       74      D88       0
                text142                             65E      65E       66      CBC       0
                text141                             5E5      5E5       19      BCA       0
                text140                             59F      59F        C      B3E       0
                text139                             5AB      5AB        C      B56       0
                text138                             5B7      5B7        D      B6E       0
                text137                             5C4      5C4        D      B88       0
                maintext                            738      738       C8      E70       0
                cstackCOMMON                         70       70        B       70       1
                bssCOMMON                            7B       7B        2       70       1
                cinit                               599      599        6      B32       0

TOTAL           Name                               Link     Load   Length     Space
        CLASS   CONST          

        CLASS   CODE           
                end_init                              0        0        3         0
                text145                             5FE      5FE       60         0
                text144                             5D1      5D1       14         0
                text143                             6C4      6C4       74         0
                text142                             65E      65E       66         0
                text141                             5E5      5E5       19         0
                text140                             59F      59F        C         0
                text139                             5AB      5AB        C         0
                text138                             5B7      5B7        D         0
                text137                             5C4      5C4        D         0
                maintext                            738      738       C8         0
                cinit                               599      599        6         0

        CLASS   STRCODE        

        CLASS   ENTRY          

        CLASS   STRING         

        CLASS   BANK0          

        CLASS   BANK1          

        CLASS   BANK2          

        CLASS   BANK3          

        CLASS   RAM            

        CLASS   ABS1           
                abs_s1                               7E       7E        2         1

        CLASS   COMMON         
                cstackCOMMON                         70       70        B         1
                bssCOMMON                            7B       7B        2         1

        CLASS   SFR0           

        CLASS   SFR1           

        CLASS   SFR2           

        CLASS   SFR3           

        CLASS   CONFIG         

        CLASS   IDLOC          

        CLASS   EEDATA         



SEGMENTS        Name                           Load    Length   Top    Selector   Space  Class     Delta

                reset_vec                      000000  000003  000003         0       0  CODE        2
                cstackCOMMON                   000070  00000D  00007D        70       1  COMMON      1
                cinit                          000599  000006  00059F       B32       0  CODE        2
                text140                        00059F  00000C  0005AB       B3E       0  CODE        2
                text139                        0005AB  00000C  0005B7       B56       0  CODE        2
                text138                        0005B7  00000D  0005C4       B6E       0  CODE        2
                text137                        0005C4  00000D  0005D1       B88       0  CODE        2
                text144                        0005D1  000014  0005E5       BA2       0  CODE        2
                text141                        0005E5  000019  0005FE       BCA       0  CODE        2
                text145                        0005FE  000060  00065E       BFC       0  CODE        2
                text142                        00065E  000066  0006C4       CBC       0  CODE        2
                text143                        0006C4  000074  000738       D88       0  CODE        2
                maintext                       000738  0000C8  000800       E70       0  CODE        2


UNUSED ADDRESS RANGES

        Name                Unused          Largest block    Delta
        BANK0            0020-006F             50           1
        BANK1            00A0-00EF             50           1
        BANK2            0110-016F             60           1
        BANK3            0190-01EF             60           1
        CODE             0003-0598            596           2
                         0800-1FFF            800
        COMMON           007D-007D              1           1
        CONFIG           2007-2008              2           2
        CONST            0003-0598            100           2
                         0800-1FFF            100
        EEDATA           2100-21FF            100           2
        ENTRY            0003-0598            100           2
                         0800-1FFF            100
        IDLOC            2000-2003              4           2
        RAM              0020-006F             50           1
                         00A0-00EF             50
                         0110-016F             60
                         0190-01EF             60
        SFR0             0000-001F             20           1
        SFR1             0080-009F             20           1
        SFR2             0100-010F             10           1
        SFR3             0180-018F             10           1
        STRCODE          0003-0598            596           2
                         0800-1FFF           1800
        STRING           0003-0598            100           2
                         0800-1FFF            100

                                  Symbol Table

??___awdiv            cstackCOMMON 0074
??___awmod            cstackCOMMON 0074
??_adc                cstackCOMMON 0070
??_address            cstackCOMMON 0072
??_delay              cstackCOMMON 0072
??_display            cstackCOMMON 0072
??_main               cstackCOMMON 0079
??_on                 cstackCOMMON 0072
??_pulse              cstackCOMMON 0072
??_type               cstackCOMMON 0072
?___awdiv             cstackCOMMON 0070
?___awmod             cstackCOMMON 0070
?_adc                 cstackCOMMON 0070
?_address             cstackCOMMON 0070
?_delay               cstackCOMMON 0070
?_display             cstackCOMMON 0070
?_main                cstackCOMMON 0070
?_on                  cstackCOMMON 0070
?_pulse               cstackCOMMON 0070
?_type                cstackCOMMON 0070
_ADCON0               (abs)        001F
_ADCON1               (abs)        009F
_ADRESH               (abs)        001E
_ADRESL               (abs)        009E
_ANSEL                (abs)        0188
_ANSELH               (abs)        0189
_GO                   (abs)        00F9
_PORTA                (abs)        0005
_PORTC                (abs)        0007
_PORTD                (abs)        0008
_RA1                  (abs)        0029
_RA2                  (abs)        002A
_RD0                  (abs)        0040
_RD1                  (abs)        0041
_RD2                  (abs)        0042
_TRISA                (abs)        0085
_TRISC                (abs)        0087
_TRISD                (abs)        0088
__Habs1               abs1         0000
__Hbank0              bank0        0000
__Hbank1              bank1        0000
__Hbank2              bank2        0000
__Hbank3              bank3        0000
__HbssCOMMON          bssCOMMON    0000
__Hcinit              cinit        0000
__Hclrtext            clrtext      0000
__Hcode               code         0000
__Hcommon             common       0000
__Hconfig             config       0000
__HcstackCOMMON       cstackCOMMON 0000
__Heeprom_data        eeprom_data  0000
__Hend_init           end_init     0003
__Hfunctab            functab      0000
__Hidloc              idloc        0000
__Hinit               init         0000
__Hintentry           intentry     0000
__Hmaintext           maintext     0000
__Hpowerup            powerup      0000
__Hram                ram          0000
__Hreset_vec          reset_vec    0000
__Hsfr0               sfr0         0000
__Hsfr1               sfr1         0000
__Hsfr2               sfr2         0000
__Hsfr3               sfr3         0000
__Hstrings            strings      0000
__Htext               text         0000
__Labs1               abs1         0000
__Lbank0              bank0        0000
__Lbank1              bank1        0000
__Lbank2              bank2        0000
__Lbank3              bank3        0000
__LbssCOMMON          bssCOMMON    0000
__Lcinit              cinit        0000
__Lclrtext            clrtext      0000
__Lcode               code         0000
__Lcommon             common       0000
__Lconfig             config       0000
__LcstackCOMMON       cstackCOMMON 0000
__Leeprom_data        eeprom_data  0000
__Lend_init           end_init     0000
__Lfunctab            functab      0000
__Lidloc              idloc        0000
__Linit               init         0000
__Lintentry           intentry     0000
__Lmaintext           maintext     0000
__Lpowerup            powerup      0000
__Lram                ram          0000
__Lreset_vec          reset_vec    0000
__Lsfr0               sfr0         0000
__Lsfr1               sfr1         0000
__Lsfr2               sfr2         0000
__Lsfr3               sfr3         0000
__Lstrings            strings      0000
__Ltext               text         0000
__S0                  (abs)        0800
__S1                  (abs)        007D
__S2                  (abs)        0000
___awdiv              text143      06C4
___awdiv@counter      cstackCOMMON 0075
___awdiv@dividend     cstackCOMMON 0072
___awdiv@divisor      cstackCOMMON 0070
___awdiv@quotient     cstackCOMMON 0077
___awdiv@sign         cstackCOMMON 0076
___awmod              text142      065E
___awmod@counter      cstackCOMMON 0075
___awmod@dividend     cstackCOMMON 0072
___awmod@divisor      cstackCOMMON 0070
___awmod@sign         cstackCOMMON 0076
__end_of___awdiv      text143      0738
__end_of___awmod      text142      06C4
__end_of_adc          text145      065E
__end_of_address      text138      05C4
__end_of_delay        text144      05E5
__end_of_display      text137      05D1
__end_of_main         maintext     0800
__end_of_on           text140      05AB
__end_of_pulse        text141      05FE
__end_of_type         text139      05B7
__pbssCOMMON          bssCOMMON    007B
__pcstackCOMMON       cstackCOMMON 0070
__pmaintext           maintext     0738
__ptext136            text136      0000
__ptext137            text137      05C4
__ptext138            text138      05B7
__ptext139            text139      05AB
__ptext140            text140      059F
__ptext141            text141      05E5
__ptext142            text142      065E
__ptext143            text143      06C4
__ptext144            text144      05D1
__ptext145            text145      05FE
__ptext146            text146      0000
__size_of___awdiv     (abs)        0000
__size_of___awmod     (abs)        0000
__size_of_adc         (abs)        0000
__size_of_address     (abs)        0000
__size_of_delay       (abs)        0000
__size_of_display     (abs)        0000
__size_of_main        (abs)        0000
__size_of_on          (abs)        0000
__size_of_pulse       (abs)        0000
__size_of_type        (abs)        0000
_adc                  text145      05FE
_address              text138      05B7
_delay                text144      05D1
_display              text137      05C4
_exit                 init         0000
_main                 maintext     0738
_on                   text140      059F
_pulse                text141      05E5
_tot                  bssCOMMON    007B
_type                 text139      05AB
adc@high              cstackCOMMON 0072
adc@low               cstackCOMMON 0074
address@data          cstackCOMMON 0072
btemp                 (abs)        007E
delay@del             cstackCOMMON 0070
display@data          cstackCOMMON 0072
end_of_initialization cinit        059B
intlevel0             functab      0000
intlevel1             functab      0000
intlevel2             functab      0000
intlevel3             functab      0000
intlevel4             functab      0000
intlevel5             functab      0000
main@i                cstackCOMMON 0079
reset_vec             reset_vec    0000
start                 init         0000
start_initialization  cinit        0599
wtemp0                (abs)        007E
