

HI-TECH Software PIC LITE Macro Assembler V9.81 build 7503 
                                                                                               Wed Dec 08 18:38:05 2021

HI-TECH Software Omniscient Code Generator (Lite mode) build 7503
     1  0000                     opt subtitle "HI-TECH Software Omniscient Code Generator (Lite mode) build 7503"
     2                           
     3                           opt pagewidth 120
     4                           
     5                           	opt lm
     6                           
     7                           	processor	16F887
     8                           clrc	macro
     9                           	bcf	3,0
    10  0000                     	endm
    11                           clrz	macro
    12                           	bcf	3,2
    13  0000                     	endm
    14                           setc	macro
    15                           	bsf	3,0
    16  0000                     	endm
    17                           setz	macro
    18                           	bsf	3,2
    19  0000                     	endm
    20                           skipc	macro
    21                           	btfss	3,0
    22  0000                     	endm
    23                           skipz	macro
    24                           	btfss	3,2
    25  0000                     	endm
    26                           skipnc	macro
    27                           	btfsc	3,0
    28  0000                     	endm
    29                           skipnz	macro
    30                           	btfsc	3,2
    31  0000                     	endm
    32  0000                     indf	equ	0
    33  0000                     indf0	equ	0
    34  0002                     pc	equ	2
    35  0002                     pcl	equ	2
    36  0003                     status	equ	3
    37  0004                     fsr	equ	4
    38  0004                     fsr0	equ	4
    39  0001                     c	equ	1
    40  0000                     z	equ	0
    41  000A                     pclath	equ	10
    42                           	FNCALL	_main,_on
    43                           	FNCALL	_main,_type
    44                           	FNCALL	_main,_address
    45                           	FNCALL	_main,_display
    46                           	FNCALL	_display,_pulse
    47                           	FNCALL	_address,_pulse
    48                           	FNCALL	_type,_pulse
    49                           	FNCALL	_on,_pulse
    50                           	FNCALL	_pulse,_delay
    51                           	FNROOT	_main
    52                           	global	main@F1609
    53                           psect	idataBANK0,class=CODE,space=0,delta=2
    54                           global __pidataBANK0
    55  0719                     __pidataBANK0:
    56                           	file	"E:\KTU\Softwares\Embedded Systems\Pic Controller\LCD\Lcdinterface\lcdinterface.c"
    57                           	line	54
    58                           
    59                           ;initializer for main@F1609
    60  0719  3473               	retlw	073h
    61  071A  3461               	retlw	061h
    62  071B  3462               	retlw	062h
    63  071C  3469               	retlw	069h
    64  071D  346E               	retlw	06Eh
    65  071E  3400               	retlw	0
    66                           	global	_PORTB
    67  0006                     _PORTB	set	6
    68                           	global	_PORTC
    69  0007                     _PORTC	set	7
    70                           	global	_RB0
    71  0030                     _RB0	set	48
    72                           	global	_RB1
    73  0031                     _RB1	set	49
    74                           	global	_RB2
    75  0032                     _RB2	set	50
    76                           	global	_TRISB
    77  0086                     _TRISB	set	134
    78                           	global	_TRISC
    79  0087                     _TRISC	set	135
    80                           	global	_ANSEL
    81  0188                     _ANSEL	set	392
    82                           	global	_ANSELH
    83  0189                     _ANSELH	set	393
    84                           	file	"lcdinterface.as"
    85                           	line	#
    86                           psect cinit,class=CODE,delta=2
    87                           global start_initialization
    88  077E                     start_initialization:
    89                           
    90                           psect	dataBANK0,class=BANK0,space=1
    91                           global __pdataBANK0
    92  0020                     __pdataBANK0:
    93                           	file	"E:\KTU\Softwares\Embedded Systems\Pic Controller\LCD\Lcdinterface\lcdinterface.c"
    94  0020                     main@F1609:
    95  0020                            ds      6
    96                           
    97                           ; Initialize objects allocated to BANK0
    98                           	global __pidataBANK0
    99                           psect cinit,class=CODE,delta=2
   100  077E  1283               	bcf	status, 5	;RP0=0, select bank0
   101  077F  1303               	bcf	status, 6	;RP1=0, select bank0
   102  0780  120A  118A  2719   	fcall	__pidataBANK0+0		;fetch initializer
              120A  118A         
   103  0785  00A0               	movwf	__pdataBANK0+0&07fh		
   104  0786  120A  118A  271A   	fcall	__pidataBANK0+1		;fetch initializer
              120A  118A         
   105  078B  00A1               	movwf	__pdataBANK0+1&07fh		
   106  078C  120A  118A  271B   	fcall	__pidataBANK0+2		;fetch initializer
              120A  118A         
   107  0791  00A2               	movwf	__pdataBANK0+2&07fh		
   108  0792  120A  118A  271C   	fcall	__pidataBANK0+3		;fetch initializer
              120A  118A         
   109  0797  00A3               	movwf	__pdataBANK0+3&07fh		
   110  0798  120A  118A  271D   	fcall	__pidataBANK0+4		;fetch initializer
              120A  118A         
   111  079D  00A4               	movwf	__pdataBANK0+4&07fh		
   112  079E  120A  118A  271E   	fcall	__pidataBANK0+5		;fetch initializer
              120A  118A         
   113  07A3  00A5               	movwf	__pdataBANK0+5&07fh		
   114                           psect cinit,class=CODE,delta=2
   115                           global end_of_initialization
   116                           
   117                           ;End of C runtime variable initialization code
   118                           
   119  07A4                     end_of_initialization:
   120  07A4  0183               clrf status
   121  07A5  120A  118A  2FA8   ljmp _main	;jump to C main() function
   122                           psect	cstackCOMMON,class=COMMON,space=1
   123                           global __pcstackCOMMON
   124  0070                     __pcstackCOMMON:
   125                           	global	?_delay
   126  0070                     ?_delay:	; 0 bytes @ 0x0
   127                           	global	?_pulse
   128  0070                     ?_pulse:	; 0 bytes @ 0x0
   129                           	global	?_on
   130  0070                     ?_on:	; 0 bytes @ 0x0
   131                           	global	?_type
   132  0070                     ?_type:	; 0 bytes @ 0x0
   133                           	global	?_address
   134  0070                     ?_address:	; 0 bytes @ 0x0
   135                           	global	?_display
   136  0070                     ?_display:	; 0 bytes @ 0x0
   137                           	global	?_main
   138  0070                     ?_main:	; 0 bytes @ 0x0
   139                           	global	delay@del
   140  0070                     delay@del:	; 2 bytes @ 0x0
   141  0070                     	ds	2
   142                           	global	??_delay
   143  0072                     ??_delay:	; 0 bytes @ 0x2
   144                           	global	??_pulse
   145  0072                     ??_pulse:	; 0 bytes @ 0x2
   146                           	global	??_on
   147  0072                     ??_on:	; 0 bytes @ 0x2
   148                           	global	??_type
   149  0072                     ??_type:	; 0 bytes @ 0x2
   150                           	global	??_address
   151  0072                     ??_address:	; 0 bytes @ 0x2
   152                           	global	??_display
   153  0072                     ??_display:	; 0 bytes @ 0x2
   154                           	global	address@data
   155  0072                     address@data:	; 1 bytes @ 0x2
   156                           	global	display@data
   157  0072                     display@data:	; 1 bytes @ 0x2
   158  0072                     	ds	1
   159                           	global	??_main
   160  0073                     ??_main:	; 0 bytes @ 0x3
   161                           	global	main@data
   162  0073                     main@data:	; 6 bytes @ 0x3
   163  0073                     	ds	6
   164                           	global	main@i
   165  0079                     main@i:	; 2 bytes @ 0x9
   166  0079                     	ds	2
   167 ;;Data sizes: Strings 0, constant 0, data 6, bss 0, persistent 0 stack 0
   168 ;;Auto spaces:   Size  Autos    Used
   169 ;; COMMON          14     11      11
   170 ;; BANK0           80      0       6
   171 ;; BANK1           80      0       0
   172 ;; BANK3           96      0       0
   173 ;; BANK2           96      0       0
   174                           
   175 ;;
   176 ;; Pointer list with targets:
   177                           
   178                           
   179                           
   180 ;;
   181 ;; Critical Paths under _main in COMMON
   182 ;;
   183 ;;   _main->_address
   184 ;;   _main->_display
   185 ;;   _pulse->_delay
   186 ;;
   187 ;; Critical Paths under _main in BANK0
   188 ;;
   189 ;;   None.
   190 ;;
   191 ;; Critical Paths under _main in BANK1
   192 ;;
   193 ;;   None.
   194 ;;
   195 ;; Critical Paths under _main in BANK3
   196 ;;
   197 ;;   None.
   198 ;;
   199 ;; Critical Paths under _main in BANK2
   200 ;;
   201 ;;   None.
   202                           
   203 ;;
   204 ;;Main: autosize = 0, tempsize = 0, incstack = 0, save=0
   205 ;;
   206                           
   207 ;;
   208 ;;Call Graph Tables:
   209 ;;
   210 ;; ---------------------------------------------------------------------------------
   211 ;; (Depth) Function   	        Calls       Base Space   Used Autos Params    Refs
   212 ;; ---------------------------------------------------------------------------------
   213 ;; (0) _main                                                 8     8      0     247
   214 ;;                                              3 COMMON     8     8      0
   215 ;;                                 _on
   216 ;;                               _type
   217 ;;                            _address
   218 ;;                            _display
   219 ;; ---------------------------------------------------------------------------------
   220 ;; (1) _display                                              1     1      0      44
   221 ;;                                              2 COMMON     1     1      0
   222 ;;                              _pulse
   223 ;; ---------------------------------------------------------------------------------
   224 ;; (1) _address                                              1     1      0      44
   225 ;;                                              2 COMMON     1     1      0
   226 ;;                              _pulse
   227 ;; ---------------------------------------------------------------------------------
   228 ;; (1) _type                                                 0     0      0      22
   229 ;;                              _pulse
   230 ;; ---------------------------------------------------------------------------------
   231 ;; (1) _on                                                   0     0      0      22
   232 ;;                              _pulse
   233 ;; ---------------------------------------------------------------------------------
   234 ;; (2) _pulse                                                0     0      0      22
   235 ;;                              _delay
   236 ;; ---------------------------------------------------------------------------------
   237 ;; (3) _delay                                                2     0      2      22
   238 ;;                                              0 COMMON     2     0      2
   239 ;; ---------------------------------------------------------------------------------
   240 ;; Estimated maximum stack depth 3
   241 ;; ---------------------------------------------------------------------------------
   242                           
   243 ;; Call Graph Graphs:
   244                           
   245 ;; _main (ROOT)
   246 ;;   _on
   247 ;;     _pulse
   248 ;;       _delay
   249 ;;   _type
   250 ;;     _pulse
   251 ;;       _delay
   252 ;;   _address
   253 ;;     _pulse
   254 ;;       _delay
   255 ;;   _display
   256 ;;     _pulse
   257 ;;       _delay
   258 ;;
   259                           
   260 ;; Address spaces:
   261                           
   262 ;;Name               Size   Autos  Total    Cost      Usage
   263 ;;BANK3               60      0       0       9        0.0%
   264 ;;BITBANK3            60      0       0       8        0.0%
   265 ;;SFR3                 0      0       0       4        0.0%
   266 ;;BITSFR3              0      0       0       4        0.0%
   267 ;;BANK2               60      0       0      11        0.0%
   268 ;;BITBANK2            60      0       0      10        0.0%
   269 ;;SFR2                 0      0       0       5        0.0%
   270 ;;BITSFR2              0      0       0       5        0.0%
   271 ;;SFR1                 0      0       0       2        0.0%
   272 ;;BITSFR1              0      0       0       2        0.0%
   273 ;;BANK1               50      0       0       7        0.0%
   274 ;;BITBANK1            50      0       0       6        0.0%
   275 ;;CODE                 0      0       0       0        0.0%
   276 ;;DATA                 0      0      14      12        0.0%
   277 ;;ABS                  0      0      11       3        0.0%
   278 ;;NULL                 0      0       0       0        0.0%
   279 ;;STACK                0      0       3       2        0.0%
   280 ;;BANK0               50      0       6       5        7.5%
   281 ;;BITBANK0            50      0       0       4        0.0%
   282 ;;SFR0                 0      0       0       1        0.0%
   283 ;;BITSFR0              0      0       0       1        0.0%
   284 ;;COMMON               E      B       B       1       78.6%
   285 ;;BITCOMMON            E      0       0       0        0.0%
   286 ;;EEDATA             100      0       0       0        0.0%
   287                           
   288                           	global	_main
   289                           psect	maintext,global,class=CODE,delta=2
   290                           global __pmaintext
   291  07A8                     __pmaintext:
   292                           
   293 ;; *************** function _main *****************
   294 ;; Defined at:
   295 ;;		line 45 in file "E:\KTU\Softwares\Embedded Systems\Pic Controller\LCD\Lcdinterface\lcdinterface.c"
   296 ;; Parameters:    Size  Location     Type
   297 ;;		None
   298 ;; Auto vars:     Size  Location     Type
   299 ;;  data            6    3[COMMON] unsigned char [6]
   300 ;;  i               2    9[COMMON] int 
   301 ;; Return value:  Size  Location     Type
   302 ;;		None               void
   303 ;; Registers used:
   304 ;;		wreg, fsr0l, fsr0h, status,2, status,0, pclath, cstack
   305 ;; Tracked objects:
   306 ;;		On entry : 17F/0
   307 ;;		On exit  : 0/0
   308 ;;		Unchanged: 0/0
   309 ;; Data sizes:     COMMON   BANK0   BANK1   BANK3   BANK2
   310 ;;      Params:         0       0       0       0       0
   311 ;;      Locals:         8       0       0       0       0
   312 ;;      Temps:          0       0       0       0       0
   313 ;;      Totals:         8       0       0       0       0
   314 ;;Total ram usage:        8 bytes
   315 ;; Hardware stack levels required when called:    3
   316 ;; This function calls:
   317 ;;		_on
   318 ;;		_type
   319 ;;		_address
   320 ;;		_display
   321 ;; This function is called by:
   322 ;;		Startup code after reset
   323 ;; This function uses a non-reentrant model
   324 ;;
   325                           psect	maintext
   326                           	file	"E:\KTU\Softwares\Embedded Systems\Pic Controller\LCD\Lcdinterface\lcdinterface.c"
   327                           	line	45
   328                           	global	__size_of_main
   329  0058                     	__size_of_main	equ	__end_of_main-_main
   330                           	
   331  07A8                     _main:	
   332                           	opt	stack 5
   333                           ; Regs used in _main: [wreg-fsr0h+status,2+status,0+pclath+cstack]
   334                           	line	46
   335                           	
   336  07A8                     l2275:	
   337                           ;lcdinterface.c: 46: PORTC=0X00;
   338  07A8  1283               	bcf	status, 5	;RP0=0, select bank0
   339  07A9  1303               	bcf	status, 6	;RP1=0, select bank0
   340  07AA  0187               	clrf	(7)	;volatile
   341                           	line	47
   342                           ;lcdinterface.c: 47: TRISC=0X00;
   343  07AB  1683               	bsf	status, 5	;RP0=1, select bank1
   344  07AC  1303               	bcf	status, 6	;RP1=0, select bank1
   345  07AD  0187               	clrf	(135)^080h	;volatile
   346                           	line	48
   347                           ;lcdinterface.c: 48: PORTB=0X00;
   348  07AE  1283               	bcf	status, 5	;RP0=0, select bank0
   349  07AF  1303               	bcf	status, 6	;RP1=0, select bank0
   350  07B0  0186               	clrf	(6)	;volatile
   351                           	line	49
   352                           ;lcdinterface.c: 49: TRISB=0X00;
   353  07B1  1683               	bsf	status, 5	;RP0=1, select bank1
   354  07B2  1303               	bcf	status, 6	;RP1=0, select bank1
   355  07B3  0186               	clrf	(134)^080h	;volatile
   356                           	line	50
   357                           ;lcdinterface.c: 50: ANSEL=0X00;
   358  07B4  1683               	bsf	status, 5	;RP0=1, select bank3
   359  07B5  1703               	bsf	status, 6	;RP1=1, select bank3
   360  07B6  0188               	clrf	(392)^0180h	;volatile
   361                           	line	51
   362                           ;lcdinterface.c: 51: ANSELH=0X00;
   363  07B7  0189               	clrf	(393)^0180h	;volatile
   364                           	line	52
   365                           	
   366  07B8                     l2277:	
   367                           ;lcdinterface.c: 52: on();
   368  07B8  120A  118A  271F   	fcall	_on
              120A  118A         
   369                           	line	53
   370                           	
   371  07BD                     l2279:	
   372                           ;lcdinterface.c: 53: type();
   373  07BD  120A  118A  272B   	fcall	_type
              120A  118A         
   374                           	line	54
   375                           	
   376  07C2                     l2281:	
   377                           ;lcdinterface.c: 54: char data[6]="sabin";
   378  07C2  3073               	movlw	(main@data)&0ffh
   379  07C3  0084               	movwf	fsr0
   380  07C4  1283               	bcf	status, 5	;RP0=0, select bank0
   381  07C5  1303               	bcf	status, 6	;RP1=0, select bank0
   382  07C6  0820               	movf	(main@F1609),w
   383  07C7  0080               	movwf	indf
   384  07C8  0A84               	incf	fsr0,f
   385  07C9  0821               	movf	(main@F1609)+1,w
   386  07CA  0080               	movwf	indf
   387  07CB  0A84               	incf	fsr0,f
   388  07CC  0822               	movf	(main@F1609)+2,w
   389  07CD  0080               	movwf	indf
   390  07CE  0A84               	incf	fsr0,f
   391  07CF  0823               	movf	(main@F1609)+3,w
   392  07D0  0080               	movwf	indf
   393  07D1  0A84               	incf	fsr0,f
   394  07D2  0824               	movf	(main@F1609)+4,w
   395  07D3  0080               	movwf	indf
   396  07D4  0A84               	incf	fsr0,f
   397  07D5  0825               	movf	(main@F1609)+5,w
   398  07D6  0080               	movwf	indf
   399  07D7  2FD8               	goto	l2283
   400                           	line	56
   401                           ;lcdinterface.c: 55: int i;
   402                           ;lcdinterface.c: 56: while(1)
   403                           	
   404  07D8                     l1048:	
   405                           	line	58
   406                           	
   407  07D8                     l2283:	
   408                           ;lcdinterface.c: 57: {
   409                           ;lcdinterface.c: 58: for(i=0;data[i]!='\0';i++)
   410  07D8  01F9               	clrf	(main@i)
   411  07D9  01FA               	clrf	(main@i+1)
   412  07DA  2FF2               	goto	l2291
   413                           	line	59
   414                           	
   415  07DB                     l1050:	
   416                           	line	60
   417                           	
   418  07DB                     l2285:	
   419                           ;lcdinterface.c: 59: {
   420                           ;lcdinterface.c: 60: address(0X80+i);
   421  07DB  0879               	movf	(main@i),w
   422  07DC  3E80               	addlw	080h
   423  07DD  120A  118A  2737   	fcall	_address
              120A  118A         
   424                           	line	61
   425                           	
   426  07E2                     l2287:	
   427                           ;lcdinterface.c: 61: display(data[i]);
   428  07E2  0879               	movf	(main@i),w
   429  07E3  3E73               	addlw	main@data&0ffh
   430  07E4  0084               	movwf	fsr0
   431  07E5  0800               	movf	indf,w
   432  07E6  120A  118A  2744   	fcall	_display
              120A  118A         
   433                           	line	58
   434                           	
   435  07EB                     l2289:	
   436  07EB  3001               	movlw	low(01h)
   437  07EC  07F9               	addwf	(main@i),f
   438  07ED  1803               	skipnc
   439  07EE  0AFA               	incf	(main@i+1),f
   440  07EF  3000               	movlw	high(01h)
   441  07F0  07FA               	addwf	(main@i+1),f
   442  07F1  2FF2               	goto	l2291
   443                           	
   444  07F2                     l1049:	
   445                           	
   446  07F2                     l2291:	
   447  07F2  0879               	movf	(main@i),w
   448  07F3  3E73               	addlw	main@data&0ffh
   449  07F4  0084               	movwf	fsr0
   450  07F5  0880               	movf	indf,f
   451  07F6  1D03               	skipz
   452  07F7  2FF9               	goto	u2171
   453  07F8  2FFA               	goto	u2170
   454  07F9                     u2171:
   455  07F9  2FDB               	goto	l2285
   456  07FA                     u2170:
   457  07FA  2FD8               	goto	l2283
   458                           	
   459  07FB                     l1051:	
   460  07FB  2FD8               	goto	l2283
   461                           	line	63
   462                           	
   463  07FC                     l1052:	
   464                           	line	56
   465  07FC  2FD8               	goto	l2283
   466                           	
   467  07FD                     l1053:	
   468                           	line	64
   469                           	
   470  07FD                     l1054:	
   471                           	global	start
   472  07FD  120A  118A  2800   	ljmp	start
   473                           	opt stack 0
   474                           GLOBAL	__end_of_main
   475  0800                     	__end_of_main:
   476 ;; =============== function _main ends ============
   477                           
   478                           	signat	_main,88
   479                           	global	_display
   480                           psect	text193,local,class=CODE,delta=2
   481                           global __ptext193
   482  0744                     __ptext193:
   483                           
   484 ;; *************** function _display *****************
   485 ;; Defined at:
   486 ;;		line 38 in file "E:\KTU\Softwares\Embedded Systems\Pic Controller\LCD\Lcdinterface\lcdinterface.c"
   487 ;; Parameters:    Size  Location     Type
   488 ;;  data            1    wreg     unsigned char 
   489 ;; Auto vars:     Size  Location     Type
   490 ;;  data            1    2[COMMON] unsigned char 
   491 ;; Return value:  Size  Location     Type
   492 ;;		None               void
   493 ;; Registers used:
   494 ;;		wreg, status,2, status,0, pclath, cstack
   495 ;; Tracked objects:
   496 ;;		On entry : 0/0
   497 ;;		On exit  : 0/0
   498 ;;		Unchanged: 0/0
   499 ;; Data sizes:     COMMON   BANK0   BANK1   BANK3   BANK2
   500 ;;      Params:         0       0       0       0       0
   501 ;;      Locals:         1       0       0       0       0
   502 ;;      Temps:          0       0       0       0       0
   503 ;;      Totals:         1       0       0       0       0
   504 ;;Total ram usage:        1 bytes
   505 ;; Hardware stack levels used:    1
   506 ;; Hardware stack levels required when called:    2
   507 ;; This function calls:
   508 ;;		_pulse
   509 ;; This function is called by:
   510 ;;		_main
   511 ;; This function uses a non-reentrant model
   512 ;;
   513                           psect	text193
   514                           	file	"E:\KTU\Softwares\Embedded Systems\Pic Controller\LCD\Lcdinterface\lcdinterface.c"
   515                           	line	38
   516                           	global	__size_of_display
   517  000D                     	__size_of_display	equ	__end_of_display-_display
   518                           	
   519  0744                     _display:	
   520                           	opt	stack 5
   521                           ; Regs used in _display: [wreg+status,2+status,0+pclath+cstack]
   522                           ;display@data stored from wreg
   523  0744  00F2               	movwf	(display@data)
   524                           	line	39
   525                           	
   526  0745                     l2269:	
   527                           ;lcdinterface.c: 39: RB0=1;
   528  0745  1283               	bcf	status, 5	;RP0=0, select bank0
   529  0746  1303               	bcf	status, 6	;RP1=0, select bank0
   530  0747  1406               	bsf	(48/8),(48)&7
   531                           	line	40
   532                           ;lcdinterface.c: 40: RB1=0;
   533  0748  1086               	bcf	(49/8),(49)&7
   534                           	line	41
   535                           	
   536  0749                     l2271:	
   537                           ;lcdinterface.c: 41: PORTC=data;
   538  0749  0872               	movf	(display@data),w
   539  074A  0087               	movwf	(7)	;volatile
   540                           	line	42
   541                           	
   542  074B                     l2273:	
   543                           ;lcdinterface.c: 42: pulse();
   544  074B  120A  118A  2765   	fcall	_pulse
              120A  118A         
   545                           	line	43
   546                           	
   547  0750                     l1043:	
   548  0750  0008               	return
   549                           	opt stack 0
   550                           GLOBAL	__end_of_display
   551  0751                     	__end_of_display:
   552 ;; =============== function _display ends ============
   553                           
   554                           	signat	_display,4216
   555                           	global	_address
   556                           psect	text194,local,class=CODE,delta=2
   557                           global __ptext194
   558  0737                     __ptext194:
   559                           
   560 ;; *************** function _address *****************
   561 ;; Defined at:
   562 ;;		line 31 in file "E:\KTU\Softwares\Embedded Systems\Pic Controller\LCD\Lcdinterface\lcdinterface.c"
   563 ;; Parameters:    Size  Location     Type
   564 ;;  data            1    wreg     unsigned char 
   565 ;; Auto vars:     Size  Location     Type
   566 ;;  data            1    2[COMMON] unsigned char 
   567 ;; Return value:  Size  Location     Type
   568 ;;		None               void
   569 ;; Registers used:
   570 ;;		wreg, status,2, status,0, pclath, cstack
   571 ;; Tracked objects:
   572 ;;		On entry : 0/0
   573 ;;		On exit  : 0/0
   574 ;;		Unchanged: 0/0
   575 ;; Data sizes:     COMMON   BANK0   BANK1   BANK3   BANK2
   576 ;;      Params:         0       0       0       0       0
   577 ;;      Locals:         1       0       0       0       0
   578 ;;      Temps:          0       0       0       0       0
   579 ;;      Totals:         1       0       0       0       0
   580 ;;Total ram usage:        1 bytes
   581 ;; Hardware stack levels used:    1
   582 ;; Hardware stack levels required when called:    2
   583 ;; This function calls:
   584 ;;		_pulse
   585 ;; This function is called by:
   586 ;;		_main
   587 ;; This function uses a non-reentrant model
   588 ;;
   589                           psect	text194
   590                           	file	"E:\KTU\Softwares\Embedded Systems\Pic Controller\LCD\Lcdinterface\lcdinterface.c"
   591                           	line	31
   592                           	global	__size_of_address
   593  000D                     	__size_of_address	equ	__end_of_address-_address
   594                           	
   595  0737                     _address:	
   596                           	opt	stack 5
   597                           ; Regs used in _address: [wreg+status,2+status,0+pclath+cstack]
   598                           ;address@data stored from wreg
   599  0737  00F2               	movwf	(address@data)
   600                           	line	32
   601                           	
   602  0738                     l2263:	
   603                           ;lcdinterface.c: 32: RB0=0;
   604  0738  1283               	bcf	status, 5	;RP0=0, select bank0
   605  0739  1303               	bcf	status, 6	;RP1=0, select bank0
   606  073A  1006               	bcf	(48/8),(48)&7
   607                           	line	33
   608                           ;lcdinterface.c: 33: RB1=0;
   609  073B  1086               	bcf	(49/8),(49)&7
   610                           	line	34
   611                           	
   612  073C                     l2265:	
   613                           ;lcdinterface.c: 34: PORTC= data;
   614  073C  0872               	movf	(address@data),w
   615  073D  0087               	movwf	(7)	;volatile
   616                           	line	35
   617                           	
   618  073E                     l2267:	
   619                           ;lcdinterface.c: 35: pulse();
   620  073E  120A  118A  2765   	fcall	_pulse
              120A  118A         
   621                           	line	36
   622                           	
   623  0743                     l1040:	
   624  0743  0008               	return
   625                           	opt stack 0
   626                           GLOBAL	__end_of_address
   627  0744                     	__end_of_address:
   628 ;; =============== function _address ends ============
   629                           
   630                           	signat	_address,4216
   631                           	global	_type
   632                           psect	text195,local,class=CODE,delta=2
   633                           global __ptext195
   634  072B                     __ptext195:
   635                           
   636 ;; *************** function _type *****************
   637 ;; Defined at:
   638 ;;		line 24 in file "E:\KTU\Softwares\Embedded Systems\Pic Controller\LCD\Lcdinterface\lcdinterface.c"
   639 ;; Parameters:    Size  Location     Type
   640 ;;		None
   641 ;; Auto vars:     Size  Location     Type
   642 ;;		None
   643 ;; Return value:  Size  Location     Type
   644 ;;		None               void
   645 ;; Registers used:
   646 ;;		wreg, status,2, status,0, pclath, cstack
   647 ;; Tracked objects:
   648 ;;		On entry : 0/0
   649 ;;		On exit  : 0/0
   650 ;;		Unchanged: 0/0
   651 ;; Data sizes:     COMMON   BANK0   BANK1   BANK3   BANK2
   652 ;;      Params:         0       0       0       0       0
   653 ;;      Locals:         0       0       0       0       0
   654 ;;      Temps:          0       0       0       0       0
   655 ;;      Totals:         0       0       0       0       0
   656 ;;Total ram usage:        0 bytes
   657 ;; Hardware stack levels used:    1
   658 ;; Hardware stack levels required when called:    2
   659 ;; This function calls:
   660 ;;		_pulse
   661 ;; This function is called by:
   662 ;;		_main
   663 ;; This function uses a non-reentrant model
   664 ;;
   665                           psect	text195
   666                           	file	"E:\KTU\Softwares\Embedded Systems\Pic Controller\LCD\Lcdinterface\lcdinterface.c"
   667                           	line	24
   668                           	global	__size_of_type
   669  000C                     	__size_of_type	equ	__end_of_type-_type
   670                           	
   671  072B                     _type:	
   672                           	opt	stack 5
   673                           ; Regs used in _type: [wreg+status,2+status,0+pclath+cstack]
   674                           	line	25
   675                           	
   676  072B                     l2257:	
   677                           ;lcdinterface.c: 25: RB0=0;
   678  072B  1283               	bcf	status, 5	;RP0=0, select bank0
   679  072C  1303               	bcf	status, 6	;RP1=0, select bank0
   680  072D  1006               	bcf	(48/8),(48)&7
   681                           	line	26
   682                           ;lcdinterface.c: 26: RB1=0;
   683  072E  1086               	bcf	(49/8),(49)&7
   684                           	line	27
   685                           	
   686  072F                     l2259:	
   687                           ;lcdinterface.c: 27: PORTC=0X38;
   688  072F  3038               	movlw	(038h)
   689  0730  0087               	movwf	(7)	;volatile
   690                           	line	28
   691                           	
   692  0731                     l2261:	
   693                           ;lcdinterface.c: 28: pulse();
   694  0731  120A  118A  2765   	fcall	_pulse
              120A  118A         
   695                           	line	29
   696                           	
   697  0736                     l1037:	
   698  0736  0008               	return
   699                           	opt stack 0
   700                           GLOBAL	__end_of_type
   701  0737                     	__end_of_type:
   702 ;; =============== function _type ends ============
   703                           
   704                           	signat	_type,88
   705                           	global	_on
   706                           psect	text196,local,class=CODE,delta=2
   707                           global __ptext196
   708  071F                     __ptext196:
   709                           
   710 ;; *************** function _on *****************
   711 ;; Defined at:
   712 ;;		line 17 in file "E:\KTU\Softwares\Embedded Systems\Pic Controller\LCD\Lcdinterface\lcdinterface.c"
   713 ;; Parameters:    Size  Location     Type
   714 ;;		None
   715 ;; Auto vars:     Size  Location     Type
   716 ;;		None
   717 ;; Return value:  Size  Location     Type
   718 ;;		None               void
   719 ;; Registers used:
   720 ;;		wreg, status,2, status,0, pclath, cstack
   721 ;; Tracked objects:
   722 ;;		On entry : 0/0
   723 ;;		On exit  : 0/0
   724 ;;		Unchanged: 0/0
   725 ;; Data sizes:     COMMON   BANK0   BANK1   BANK3   BANK2
   726 ;;      Params:         0       0       0       0       0
   727 ;;      Locals:         0       0       0       0       0
   728 ;;      Temps:          0       0       0       0       0
   729 ;;      Totals:         0       0       0       0       0
   730 ;;Total ram usage:        0 bytes
   731 ;; Hardware stack levels used:    1
   732 ;; Hardware stack levels required when called:    2
   733 ;; This function calls:
   734 ;;		_pulse
   735 ;; This function is called by:
   736 ;;		_main
   737 ;; This function uses a non-reentrant model
   738 ;;
   739                           psect	text196
   740                           	file	"E:\KTU\Softwares\Embedded Systems\Pic Controller\LCD\Lcdinterface\lcdinterface.c"
   741                           	line	17
   742                           	global	__size_of_on
   743  000C                     	__size_of_on	equ	__end_of_on-_on
   744                           	
   745  071F                     _on:	
   746                           	opt	stack 5
   747                           ; Regs used in _on: [wreg+status,2+status,0+pclath+cstack]
   748                           	line	18
   749                           	
   750  071F                     l2251:	
   751                           ;lcdinterface.c: 18: RB0=0;
   752  071F  1283               	bcf	status, 5	;RP0=0, select bank0
   753  0720  1303               	bcf	status, 6	;RP1=0, select bank0
   754  0721  1006               	bcf	(48/8),(48)&7
   755                           	line	19
   756                           ;lcdinterface.c: 19: RB1=0;
   757  0722  1086               	bcf	(49/8),(49)&7
   758                           	line	20
   759                           	
   760  0723                     l2253:	
   761                           ;lcdinterface.c: 20: PORTC=0X0E;
   762  0723  300E               	movlw	(0Eh)
   763  0724  0087               	movwf	(7)	;volatile
   764                           	line	21
   765                           	
   766  0725                     l2255:	
   767                           ;lcdinterface.c: 21: pulse();
   768  0725  120A  118A  2765   	fcall	_pulse
              120A  118A         
   769                           	line	22
   770                           	
   771  072A                     l1034:	
   772  072A  0008               	return
   773                           	opt stack 0
   774                           GLOBAL	__end_of_on
   775  072B                     	__end_of_on:
   776 ;; =============== function _on ends ============
   777                           
   778                           	signat	_on,88
   779                           	global	_pulse
   780                           psect	text197,local,class=CODE,delta=2
   781                           global __ptext197
   782  0765                     __ptext197:
   783                           
   784 ;; *************** function _pulse *****************
   785 ;; Defined at:
   786 ;;		line 10 in file "E:\KTU\Softwares\Embedded Systems\Pic Controller\LCD\Lcdinterface\lcdinterface.c"
   787 ;; Parameters:    Size  Location     Type
   788 ;;		None
   789 ;; Auto vars:     Size  Location     Type
   790 ;;		None
   791 ;; Return value:  Size  Location     Type
   792 ;;		None               void
   793 ;; Registers used:
   794 ;;		wreg, status,2, status,0, pclath, cstack
   795 ;; Tracked objects:
   796 ;;		On entry : 0/0
   797 ;;		On exit  : 0/0
   798 ;;		Unchanged: 0/0
   799 ;; Data sizes:     COMMON   BANK0   BANK1   BANK3   BANK2
   800 ;;      Params:         0       0       0       0       0
   801 ;;      Locals:         0       0       0       0       0
   802 ;;      Temps:          0       0       0       0       0
   803 ;;      Totals:         0       0       0       0       0
   804 ;;Total ram usage:        0 bytes
   805 ;; Hardware stack levels used:    1
   806 ;; Hardware stack levels required when called:    1
   807 ;; This function calls:
   808 ;;		_delay
   809 ;; This function is called by:
   810 ;;		_on
   811 ;;		_type
   812 ;;		_address
   813 ;;		_display
   814 ;; This function uses a non-reentrant model
   815 ;;
   816                           psect	text197
   817                           	file	"E:\KTU\Softwares\Embedded Systems\Pic Controller\LCD\Lcdinterface\lcdinterface.c"
   818                           	line	10
   819                           	global	__size_of_pulse
   820  0019                     	__size_of_pulse	equ	__end_of_pulse-_pulse
   821                           	
   822  0765                     _pulse:	
   823                           	opt	stack 5
   824                           ; Regs used in _pulse: [wreg+status,2+status,0+pclath+cstack]
   825                           	line	11
   826                           	
   827  0765                     l2245:	
   828                           ;lcdinterface.c: 11: RB2=1;
   829  0765  1283               	bcf	status, 5	;RP0=0, select bank0
   830  0766  1303               	bcf	status, 6	;RP1=0, select bank0
   831  0767  1506               	bsf	(50/8),(50)&7
   832                           	line	12
   833                           	
   834  0768                     l2247:	
   835                           ;lcdinterface.c: 12: delay(100);
   836  0768  3064               	movlw	low(064h)
   837  0769  00F0               	movwf	(?_delay)
   838  076A  3000               	movlw	high(064h)
   839  076B  00F1               	movwf	((?_delay))+1
   840  076C  120A  118A  2751   	fcall	_delay
              120A  118A         
   841                           	line	13
   842                           	
   843  0771                     l2249:	
   844                           ;lcdinterface.c: 13: RB2=0;
   845  0771  1283               	bcf	status, 5	;RP0=0, select bank0
   846  0772  1303               	bcf	status, 6	;RP1=0, select bank0
   847  0773  1106               	bcf	(50/8),(50)&7
   848                           	line	14
   849                           ;lcdinterface.c: 14: delay(100);
   850  0774  3064               	movlw	low(064h)
   851  0775  00F0               	movwf	(?_delay)
   852  0776  3000               	movlw	high(064h)
   853  0777  00F1               	movwf	((?_delay))+1
   854  0778  120A  118A  2751   	fcall	_delay
              120A  118A         
   855                           	line	15
   856                           	
   857  077D                     l1031:	
   858  077D  0008               	return
   859                           	opt stack 0
   860                           GLOBAL	__end_of_pulse
   861  077E                     	__end_of_pulse:
   862 ;; =============== function _pulse ends ============
   863                           
   864                           	signat	_pulse,88
   865                           	global	_delay
   866                           psect	text198,local,class=CODE,delta=2
   867                           global __ptext198
   868  0751                     __ptext198:
   869                           
   870 ;; *************** function _delay *****************
   871 ;; Defined at:
   872 ;;		line 6 in file "E:\KTU\Softwares\Embedded Systems\Pic Controller\LCD\Lcdinterface\lcdinterface.c"
   873 ;; Parameters:    Size  Location     Type
   874 ;;  del             2    0[COMMON] int 
   875 ;; Auto vars:     Size  Location     Type
   876 ;;		None
   877 ;; Return value:  Size  Location     Type
   878 ;;		None               void
   879 ;; Registers used:
   880 ;;		wreg
   881 ;; Tracked objects:
   882 ;;		On entry : 0/0
   883 ;;		On exit  : 0/0
   884 ;;		Unchanged: 0/0
   885 ;; Data sizes:     COMMON   BANK0   BANK1   BANK3   BANK2
   886 ;;      Params:         2       0       0       0       0
   887 ;;      Locals:         0       0       0       0       0
   888 ;;      Temps:          0       0       0       0       0
   889 ;;      Totals:         2       0       0       0       0
   890 ;;Total ram usage:        2 bytes
   891 ;; Hardware stack levels used:    1
   892 ;; This function calls:
   893 ;;		Nothing
   894 ;; This function is called by:
   895 ;;		_pulse
   896 ;; This function uses a non-reentrant model
   897 ;;
   898                           psect	text198
   899                           	file	"E:\KTU\Softwares\Embedded Systems\Pic Controller\LCD\Lcdinterface\lcdinterface.c"
   900                           	line	6
   901                           	global	__size_of_delay
   902  0014                     	__size_of_delay	equ	__end_of_delay-_delay
   903                           	
   904  0751                     _delay:	
   905                           	opt	stack 5
   906                           ; Regs used in _delay: [wreg]
   907                           	line	7
   908                           	
   909  0751                     l2241:	
   910                           ;lcdinterface.c: 7: while(del--);
   911  0751  2F53               	goto	l2243
   912                           	
   913  0752                     l1026:	
   914  0752  2F53               	goto	l2243
   915                           	
   916  0753                     l1025:	
   917                           	
   918  0753                     l2243:	
   919  0753  30FF               	movlw	low(-1)
   920  0754  07F0               	addwf	(delay@del),f
   921  0755  1803               	skipnc
   922  0756  0AF1               	incf	(delay@del+1),f
   923  0757  30FF               	movlw	high(-1)
   924  0758  07F1               	addwf	(delay@del+1),f
   925  0759  30FF               	movlw	high(-1)
   926  075A  0671               	xorwf	((delay@del+1)),w
   927  075B  1D03               	skipz
   928  075C  2F5F               	goto	u2165
   929  075D  30FF               	movlw	low(-1)
   930  075E  0670               	xorwf	((delay@del)),w
   931  075F                     u2165:
   932                           
   933  075F  1D03               	skipz
   934  0760  2F62               	goto	u2161
   935  0761  2F63               	goto	u2160
   936  0762                     u2161:
   937  0762  2F53               	goto	l2243
   938  0763                     u2160:
   939  0763  2F64               	goto	l1028
   940                           	
   941  0764                     l1027:	
   942                           	line	8
   943                           	
   944  0764                     l1028:	
   945  0764  0008               	return
   946                           	opt stack 0
   947                           GLOBAL	__end_of_delay
   948  0765                     	__end_of_delay:
   949 ;; =============== function _delay ends ============
   950                           
   951                           	signat	_delay,4216
   952                           psect	text199,local,class=CODE,delta=2
   953                           global __ptext199
   954  0000                     __ptext199:
   955                           	global	btemp
   956  007E                     	btemp set 07Eh
   957                           
   958                           	DABS	1,126,2	;btemp
   959                           	global	wtemp0
   960  007E                     	wtemp0 set btemp


HI-TECH Software PICC Macro Assembler V9.81 build 7503 
Symbol Table                                                                                   Wed Dec 08 18:38:05 2021

                  _on 071F                   ?_on 0070                   _RB0 0030                   _RB1 0031  
                 _RB2 0032                   fsr0 0004                   indf 0000                  ??_on 0072  
                l1031 077D                  l1040 0743                  l1025 0753                  l1026 0752  
                l1034 072A                  l1050 07DB                  l1027 0764                  l1043 0750  
                l1051 07FB                  l1028 0764                  l1052 07FC                  l1037 0736  
                l1053 07FD                  l1054 07FD                  l1048 07D8                  l1049 07F2  
                l2241 0751                  l2243 0753                  l2251 071F                  l2245 0765  
                l2253 0723                  l2261 0731                  l2247 0768                  l2255 0725  
                l2263 0738                  l2271 0749                  l2249 0771                  l2257 072B  
                l2265 073C                  l2273 074B                  l2281 07C2                  l2259 072F  
                l2267 073E                  l2291 07F2                  l2283 07D8                  l2275 07A8  
                l2269 0745                  l2285 07DB                  l2277 07B8                  l2287 07E2  
                l2279 07BD                  l2289 07EB                  u2160 0763                  u2161 0762  
                u2170 07FA                  u2171 07F9                  u2165 075F           display@data 0072  
                _main 07A8                  btemp 007E                  _type 072B                  start 0000  
               ?_main 0070                 _ANSEL 0188                 ?_type 0070       __end_of_address 0744  
               _PORTB 0006                 _PORTC 0007                 _TRISB 0086                 _TRISC 0087  
     __end_of_display 0751                 _delay 0751                 _pulse 0765                 main@i 0079  
               status 0003                 wtemp0 007E          __end_of_main 0800          __end_of_type 0737  
              ??_main 0073                ??_type 0072                ?_delay 0070                ?_pulse 0070  
              _ANSELH 0189             ??_address 0072             ??_display 0072        __pcstackCOMMON 0070  
        __pidataBANK0 0719         __end_of_delay 0765         __end_of_pulse 077E            __end_of_on 072B  
             ??_delay 0072               ??_pulse 0072            __pmaintext 07A8               _address 0737  
             _display 0744  end_of_initialization 07A4   start_initialization 077E           __pdataBANK0 0020  
           __ptext193 0744             __ptext194 0737             __ptext195 072B             __ptext196 071F  
           __ptext197 0765             __ptext198 0751             __ptext199 0000              ?_address 0070  
            ?_display 0070        __size_of_delay 0014        __size_of_pulse 0019           __size_of_on 000C  
           main@F1609 0020           address@data 0072      __size_of_address 000D      __size_of_display 000D  
       __size_of_main 0058         __size_of_type 000C              delay@del 0070              main@data 0073  
